==================  TRAIN  codet5p_770m  (seed 42)  ==================
=== Config ===
{
  "model_name_or_path": "Salesforce/codet5p-770m",
  "output_dir": "runs/codet5p_770m",
  "trust_remote_code": false,
  "seq2seq": {
    "max_source_length": 512,
    "max_target_length": 512
  },
  "training": {
    "per_device_train_batch_size": 4,
    "per_device_eval_batch_size": 4,
    "gradient_accumulation_steps": 4,
    "num_train_epochs": 3,
    "learning_rate": 0.0001,
    "lr_scheduler_type": "cosine",
    "warmup_ratio": 0.1,
    "weight_decay": 0.01,
    "bf16": true,
    "optim": "paged_adamw_8bit",
    "seed": 42,
    "eval_steps": 10,
    "save_steps": 10,
    "save_total_limit": 3,
    "logging_steps": 5,
    "report_to": "none",
    "load_best_model_at_end": true,
    "metric_for_best_model": "eval_loss"
  }
}
=== Output: runs/seed42/codet5p_770m ===
decoder_start_token_id=0, pad_token_id=0
Train: 9888, Val: 3484
Sample input ids len: 340, label len: 155
{'loss': 2.6498, 'grad_norm': 42.100563049316406, 'learning_rate': 2.688172043010753e-06, 'epoch': 0.01}
{'loss': 2.6177, 'grad_norm': 25.766014099121094, 'learning_rate': 5.376344086021506e-06, 'epoch': 0.02}
{'eval_loss': 2.562026023864746, 'eval_runtime': 64.4339, 'eval_samples_per_second': 54.071, 'eval_steps_per_second': 13.518, 'epoch': 0.02}
{'loss': 2.0472, 'grad_norm': 20.85424041748047, 'learning_rate': 8.064516129032258e-06, 'epoch': 0.02}
{'loss': 1.5615, 'grad_norm': 18.245677947998047, 'learning_rate': 1.0752688172043012e-05, 'epoch': 0.03}
{'eval_loss': 1.4609408378601074, 'eval_runtime': 64.5032, 'eval_samples_per_second': 54.013, 'eval_steps_per_second': 13.503, 'epoch': 0.03}
{'loss': 1.2585, 'grad_norm': 16.438949584960938, 'learning_rate': 1.3440860215053763e-05, 'epoch': 0.04}
{'loss': 0.9712, 'grad_norm': 15.244434356689453, 'learning_rate': 1.6129032258064517e-05, 'epoch': 0.05}
{'eval_loss': 0.8164400458335876, 'eval_runtime': 64.4695, 'eval_samples_per_second': 54.041, 'eval_steps_per_second': 13.51, 'epoch': 0.05}
{'loss': 0.8871, 'grad_norm': 11.365202903747559, 'learning_rate': 1.881720430107527e-05, 'epoch': 0.06}
{'loss': 0.7316, 'grad_norm': 10.139899253845215, 'learning_rate': 2.1505376344086024e-05, 'epoch': 0.06}
{'eval_loss': 0.618483304977417, 'eval_runtime': 64.4093, 'eval_samples_per_second': 54.092, 'eval_steps_per_second': 13.523, 'epoch': 0.06}
{'loss': 0.7094, 'grad_norm': 7.982090950012207, 'learning_rate': 2.4193548387096777e-05, 'epoch': 0.07}
{'loss': 0.6092, 'grad_norm': 10.522529602050781, 'learning_rate': 2.6881720430107527e-05, 'epoch': 0.08}
{'eval_loss': 0.5183128714561462, 'eval_runtime': 64.4142, 'eval_samples_per_second': 54.087, 'eval_steps_per_second': 13.522, 'epoch': 0.08}
{'loss': 0.5005, 'grad_norm': 11.123632431030273, 'learning_rate': 2.9569892473118284e-05, 'epoch': 0.09}
{'loss': 0.5994, 'grad_norm': 8.13313102722168, 'learning_rate': 3.2258064516129034e-05, 'epoch': 0.1}
{'eval_loss': 0.49687984585762024, 'eval_runtime': 64.4522, 'eval_samples_per_second': 54.056, 'eval_steps_per_second': 13.514, 'epoch': 0.1}
{'loss': 0.5521, 'grad_norm': 8.057209014892578, 'learning_rate': 3.494623655913979e-05, 'epoch': 0.11}
{'loss': 0.4832, 'grad_norm': 8.534107208251953, 'learning_rate': 3.763440860215054e-05, 'epoch': 0.11}
{'eval_loss': 0.45388680696487427, 'eval_runtime': 64.415, 'eval_samples_per_second': 54.087, 'eval_steps_per_second': 13.522, 'epoch': 0.11}
{'loss': 0.398, 'grad_norm': 10.068680763244629, 'learning_rate': 4.032258064516129e-05, 'epoch': 0.12}
{'loss': 0.4922, 'grad_norm': 10.60032844543457, 'learning_rate': 4.301075268817205e-05, 'epoch': 0.13}
{'eval_loss': 0.4143945872783661, 'eval_runtime': 64.4129, 'eval_samples_per_second': 54.089, 'eval_steps_per_second': 13.522, 'epoch': 0.13}
{'loss': 0.4005, 'grad_norm': 9.30863094329834, 'learning_rate': 4.56989247311828e-05, 'epoch': 0.14}
{'loss': 0.4402, 'grad_norm': 12.148913383483887, 'learning_rate': 4.8387096774193554e-05, 'epoch': 0.15}
{'eval_loss': 0.4207826852798462, 'eval_runtime': 64.4994, 'eval_samples_per_second': 54.016, 'eval_steps_per_second': 13.504, 'epoch': 0.15}
{'loss': 0.5097, 'grad_norm': 9.477485656738281, 'learning_rate': 5.1075268817204304e-05, 'epoch': 0.15}
{'loss': 0.3944, 'grad_norm': 6.681380748748779, 'learning_rate': 5.3763440860215054e-05, 'epoch': 0.16}
{'eval_loss': 0.40742817521095276, 'eval_runtime': 64.3207, 'eval_samples_per_second': 54.166, 'eval_steps_per_second': 13.542, 'epoch': 0.16}
{'loss': 0.3675, 'grad_norm': 7.981414318084717, 'learning_rate': 5.645161290322582e-05, 'epoch': 0.17}
{'loss': 0.4211, 'grad_norm': 9.4728364944458, 'learning_rate': 5.913978494623657e-05, 'epoch': 0.18}
{'eval_loss': 0.4010027348995209, 'eval_runtime': 64.2746, 'eval_samples_per_second': 54.205, 'eval_steps_per_second': 13.551, 'epoch': 0.18}
{'loss': 0.4103, 'grad_norm': 6.229599952697754, 'learning_rate': 6.182795698924732e-05, 'epoch': 0.19}
{'loss': 0.405, 'grad_norm': 10.396723747253418, 'learning_rate': 6.451612903225807e-05, 'epoch': 0.19}
{'eval_loss': 0.390835165977478, 'eval_runtime': 64.3024, 'eval_samples_per_second': 54.181, 'eval_steps_per_second': 13.545, 'epoch': 0.19}
{'loss': 0.3564, 'grad_norm': 8.0728759765625, 'learning_rate': 6.720430107526882e-05, 'epoch': 0.2}
{'loss': 0.3877, 'grad_norm': 8.217889785766602, 'learning_rate': 6.989247311827958e-05, 'epoch': 0.21}
{'eval_loss': 0.43028271198272705, 'eval_runtime': 64.2562, 'eval_samples_per_second': 54.22, 'eval_steps_per_second': 13.555, 'epoch': 0.21}
{'loss': 0.3512, 'grad_norm': 7.367568492889404, 'learning_rate': 7.258064516129033e-05, 'epoch': 0.22}
{'loss': 0.3621, 'grad_norm': 8.728636741638184, 'learning_rate': 7.526881720430108e-05, 'epoch': 0.23}
{'eval_loss': 0.4005759060382843, 'eval_runtime': 64.529, 'eval_samples_per_second': 53.991, 'eval_steps_per_second': 13.498, 'epoch': 0.23}
{'loss': 0.3527, 'grad_norm': 21.499408721923828, 'learning_rate': 7.795698924731183e-05, 'epoch': 0.23}
{'loss': 0.3685, 'grad_norm': 6.5636067390441895, 'learning_rate': 8.064516129032258e-05, 'epoch': 0.24}
{'eval_loss': 0.3803268074989319, 'eval_runtime': 64.4097, 'eval_samples_per_second': 54.091, 'eval_steps_per_second': 13.523, 'epoch': 0.24}
{'loss': 0.4734, 'grad_norm': 7.218709945678711, 'learning_rate': 8.333333333333334e-05, 'epoch': 0.25}
{'loss': 0.3476, 'grad_norm': 5.86972713470459, 'learning_rate': 8.60215053763441e-05, 'epoch': 0.26}
{'eval_loss': 0.389818012714386, 'eval_runtime': 64.2205, 'eval_samples_per_second': 54.251, 'eval_steps_per_second': 13.563, 'epoch': 0.26}
{'loss': 0.4057, 'grad_norm': 7.33158016204834, 'learning_rate': 8.870967741935484e-05, 'epoch': 0.27}
{'loss': 0.3566, 'grad_norm': 6.173811912536621, 'learning_rate': 9.13978494623656e-05, 'epoch': 0.28}
{'eval_loss': 0.3845497965812683, 'eval_runtime': 64.3045, 'eval_samples_per_second': 54.18, 'eval_steps_per_second': 13.545, 'epoch': 0.28}
{'loss': 0.3556, 'grad_norm': 6.08016300201416, 'learning_rate': 9.408602150537636e-05, 'epoch': 0.28}
{'loss': 0.2716, 'grad_norm': 11.141227722167969, 'learning_rate': 9.677419354838711e-05, 'epoch': 0.29}
{'eval_loss': 0.3788564205169678, 'eval_runtime': 64.262, 'eval_samples_per_second': 54.216, 'eval_steps_per_second': 13.554, 'epoch': 0.29}
{'loss': 0.3629, 'grad_norm': 8.524019241333008, 'learning_rate': 9.946236559139786e-05, 'epoch': 0.3}
{'loss': 0.3508, 'grad_norm': 6.278026580810547, 'learning_rate': 9.999858105490867e-05, 'epoch': 0.31}
{'eval_loss': 0.3879357874393463, 'eval_runtime': 64.5072, 'eval_samples_per_second': 54.009, 'eval_steps_per_second': 13.502, 'epoch': 0.31}
{'loss': 0.399, 'grad_norm': 6.08745002746582, 'learning_rate': 9.999281672850317e-05, 'epoch': 0.32}
{'loss': 0.2619, 'grad_norm': 5.535616874694824, 'learning_rate': 9.998261884752462e-05, 'epoch': 0.32}
{'eval_loss': 0.3690164387226105, 'eval_runtime': 64.4792, 'eval_samples_per_second': 54.033, 'eval_steps_per_second': 13.508, 'epoch': 0.32}
{'loss': 0.4111, 'grad_norm': 6.432202339172363, 'learning_rate': 9.99679883163602e-05, 'epoch': 0.33}
{'loss': 0.3496, 'grad_norm': 5.745553016662598, 'learning_rate': 9.994892643250147e-05, 'epoch': 0.34}
{'eval_loss': 0.37999168038368225, 'eval_runtime': 64.4254, 'eval_samples_per_second': 54.078, 'eval_steps_per_second': 13.52, 'epoch': 0.34}
{'loss': 0.3365, 'grad_norm': 6.450917720794678, 'learning_rate': 9.992543488642933e-05, 'epoch': 0.35}
{'loss': 0.326, 'grad_norm': 5.1595563888549805, 'learning_rate': 9.989751576146413e-05, 'epoch': 0.36}
{'eval_loss': 0.3582257628440857, 'eval_runtime': 64.3761, 'eval_samples_per_second': 54.119, 'eval_steps_per_second': 13.53, 'epoch': 0.36}
{'loss': 0.2396, 'grad_norm': 4.591665744781494, 'learning_rate': 9.986517153358086e-05, 'epoch': 0.36}
{'loss': 0.2757, 'grad_norm': 7.113030910491943, 'learning_rate': 9.982840507118958e-05, 'epoch': 0.37}
{'eval_loss': 0.35688671469688416, 'eval_runtime': 64.3328, 'eval_samples_per_second': 54.156, 'eval_steps_per_second': 13.539, 'epoch': 0.37}
{'loss': 0.3163, 'grad_norm': 6.164719104766846, 'learning_rate': 9.978721963488111e-05, 'epoch': 0.38}
{'loss': 0.3368, 'grad_norm': 5.434508323669434, 'learning_rate': 9.974161887713775e-05, 'epoch': 0.39}
{'eval_loss': 0.3791739344596863, 'eval_runtime': 64.222, 'eval_samples_per_second': 54.249, 'eval_steps_per_second': 13.562, 'epoch': 0.39}
{'loss': 0.3182, 'grad_norm': 5.148395538330078, 'learning_rate': 9.969160684200944e-05, 'epoch': 0.4}
{'loss': 0.3073, 'grad_norm': 4.597640514373779, 'learning_rate': 9.963718796475515e-05, 'epoch': 0.4}
{'eval_loss': 0.33845528960227966, 'eval_runtime': 64.2489, 'eval_samples_per_second': 54.227, 'eval_steps_per_second': 13.557, 'epoch': 0.4}
{'loss': 0.236, 'grad_norm': 4.9438862800598145, 'learning_rate': 9.957836707144944e-05, 'epoch': 0.41}
{'loss': 0.2597, 'grad_norm': 4.519594669342041, 'learning_rate': 9.951514937855454e-05, 'epoch': 0.42}
{'eval_loss': 0.34672442078590393, 'eval_runtime': 64.2592, 'eval_samples_per_second': 54.218, 'eval_steps_per_second': 13.554, 'epoch': 0.42}
{'loss': 0.3472, 'grad_norm': 3.9076290130615234, 'learning_rate': 9.944754049245774e-05, 'epoch': 0.43}
{'loss': 0.2347, 'grad_norm': 6.371662139892578, 'learning_rate': 9.937554640897413e-05, 'epoch': 0.44}
{'eval_loss': 0.3336459696292877, 'eval_runtime': 64.276, 'eval_samples_per_second': 54.204, 'eval_steps_per_second': 13.551, 'epoch': 0.44}
{'loss': 0.2483, 'grad_norm': 4.666043281555176, 'learning_rate': 9.929917351281497e-05, 'epoch': 0.44}
{'loss': 0.269, 'grad_norm': 4.724076271057129, 'learning_rate': 9.921842857702132e-05, 'epoch': 0.45}
{'eval_loss': 0.3557016849517822, 'eval_runtime': 64.3192, 'eval_samples_per_second': 54.167, 'eval_steps_per_second': 13.542, 'epoch': 0.45}
{'loss': 0.2208, 'grad_norm': 4.717074871063232, 'learning_rate': 9.913331876236358e-05, 'epoch': 0.46}
{'loss': 0.3032, 'grad_norm': 6.1118574142456055, 'learning_rate': 9.904385161670625e-05, 'epoch': 0.47}
{'eval_loss': 0.3667196035385132, 'eval_runtime': 64.2437, 'eval_samples_per_second': 54.231, 'eval_steps_per_second': 13.558, 'epoch': 0.47}
{'loss': 0.271, 'grad_norm': 4.424697399139404, 'learning_rate': 9.895003507433866e-05, 'epoch': 0.48}
{'loss': 0.2452, 'grad_norm': 6.246561527252197, 'learning_rate': 9.885187745527133e-05, 'epoch': 0.49}
{'eval_loss': 0.35663139820098877, 'eval_runtime': 64.2042, 'eval_samples_per_second': 54.264, 'eval_steps_per_second': 13.566, 'epoch': 0.49}
{'loss': 0.2857, 'grad_norm': 6.214783191680908, 'learning_rate': 9.874938746449807e-05, 'epoch': 0.49}
{'loss': 0.2383, 'grad_norm': 13.634810447692871, 'learning_rate': 9.864257419122405e-05, 'epoch': 0.5}
{'eval_loss': 0.3591228723526001, 'eval_runtime': 64.3064, 'eval_samples_per_second': 54.178, 'eval_steps_per_second': 13.545, 'epoch': 0.5}
{'loss': 0.2765, 'grad_norm': 6.951231002807617, 'learning_rate': 9.853144710805966e-05, 'epoch': 0.51}
{'loss': 0.2868, 'grad_norm': 4.73936128616333, 'learning_rate': 9.841601607018052e-05, 'epoch': 0.52}
{'eval_loss': 0.3514379858970642, 'eval_runtime': 64.2074, 'eval_samples_per_second': 54.262, 'eval_steps_per_second': 13.565, 'epoch': 0.52}
{'loss': 0.3108, 'grad_norm': 6.931015968322754, 'learning_rate': 9.829629131445342e-05, 'epoch': 0.53}
{'loss': 0.2352, 'grad_norm': 5.18782377243042, 'learning_rate': 9.817228345852851e-05, 'epoch': 0.53}
{'eval_loss': 0.3499908745288849, 'eval_runtime': 64.249, 'eval_samples_per_second': 54.227, 'eval_steps_per_second': 13.557, 'epoch': 0.53}
{'loss': 0.3947, 'grad_norm': 4.046629905700684, 'learning_rate': 9.80440034998977e-05, 'epoch': 0.54}
{'loss': 0.2945, 'grad_norm': 5.306434631347656, 'learning_rate': 9.791146281491934e-05, 'epoch': 0.55}
{'eval_loss': 0.33074021339416504, 'eval_runtime': 64.3146, 'eval_samples_per_second': 54.171, 'eval_steps_per_second': 13.543, 'epoch': 0.55}
{'loss': 0.2657, 'grad_norm': 4.21687126159668, 'learning_rate': 9.777467315780926e-05, 'epoch': 0.56}
{'loss': 0.2615, 'grad_norm': 6.281768798828125, 'learning_rate': 9.763364665959849e-05, 'epoch': 0.57}
{'eval_loss': 0.35491612553596497, 'eval_runtime': 64.2622, 'eval_samples_per_second': 54.215, 'eval_steps_per_second': 13.554, 'epoch': 0.57}
{'loss': 0.2561, 'grad_norm': 4.7638840675354, 'learning_rate': 9.748839582705733e-05, 'epoch': 0.57}
{'loss': 0.2054, 'grad_norm': 7.0762410163879395, 'learning_rate': 9.733893354158627e-05, 'epoch': 0.58}
{'eval_loss': 0.3325878083705902, 'eval_runtime': 64.2438, 'eval_samples_per_second': 54.231, 'eval_steps_per_second': 13.558, 'epoch': 0.58}
{'loss': 0.3153, 'grad_norm': 3.1341774463653564, 'learning_rate': 9.718527305807355e-05, 'epoch': 0.59}
{'loss': 0.2509, 'grad_norm': 5.414312362670898, 'learning_rate': 9.702742800371971e-05, 'epoch': 0.6}
{'eval_loss': 0.3289967179298401, 'eval_runtime': 64.2459, 'eval_samples_per_second': 54.229, 'eval_steps_per_second': 13.557, 'epoch': 0.6}
{'loss': 0.1826, 'grad_norm': 4.302303314208984, 'learning_rate': 9.686541237682908e-05, 'epoch': 0.61}
{'loss': 0.2157, 'grad_norm': 4.998346328735352, 'learning_rate': 9.669924054556836e-05, 'epoch': 0.61}
{'eval_loss': 0.3415735363960266, 'eval_runtime': 64.2974, 'eval_samples_per_second': 54.186, 'eval_steps_per_second': 13.546, 'epoch': 0.61}
{'loss': 0.2359, 'grad_norm': 4.769412040710449, 'learning_rate': 9.652892724669232e-05, 'epoch': 0.62}
{'loss': 0.2216, 'grad_norm': 6.401612281799316, 'learning_rate': 9.635448758423702e-05, 'epoch': 0.63}
{'eval_loss': 0.33586862683296204, 'eval_runtime': 64.3055, 'eval_samples_per_second': 54.179, 'eval_steps_per_second': 13.545, 'epoch': 0.63}
{'loss': 0.2861, 'grad_norm': 5.602468967437744, 'learning_rate': 9.617593702818022e-05, 'epoch': 0.64}
{'loss': 0.2124, 'grad_norm': 3.683117628097534, 'learning_rate': 9.599329141306946e-05, 'epoch': 0.65}
{'eval_loss': 0.34479284286499023, 'eval_runtime': 64.246, 'eval_samples_per_second': 54.229, 'eval_steps_per_second': 13.557, 'epoch': 0.65}
{'loss': 0.1973, 'grad_norm': 3.675621509552002, 'learning_rate': 9.580656693661787e-05, 'epoch': 0.66}
{'loss': 0.2587, 'grad_norm': 10.394925117492676, 'learning_rate': 9.561578015826758e-05, 'epoch': 0.66}
{'eval_loss': 0.33739298582077026, 'eval_runtime': 64.2773, 'eval_samples_per_second': 54.203, 'eval_steps_per_second': 13.551, 'epoch': 0.66}
{'loss': 0.2898, 'grad_norm': 4.482771873474121, 'learning_rate': 9.542094799772124e-05, 'epoch': 0.67}
{'loss': 0.1711, 'grad_norm': 3.8291664123535156, 'learning_rate': 9.522208773344147e-05, 'epoch': 0.68}
{'eval_loss': 0.3387654721736908, 'eval_runtime': 64.2654, 'eval_samples_per_second': 54.213, 'eval_steps_per_second': 13.553, 'epoch': 0.68}
{'loss': 0.2481, 'grad_norm': 4.225939750671387, 'learning_rate': 9.501921700111865e-05, 'epoch': 0.69}
{'loss': 0.2002, 'grad_norm': 2.972383499145508, 'learning_rate': 9.481235379210671e-05, 'epoch': 0.7}
{'eval_loss': 0.33861738443374634, 'eval_runtime': 64.2684, 'eval_samples_per_second': 54.21, 'eval_steps_per_second': 13.553, 'epoch': 0.7}
{'loss': 0.2245, 'grad_norm': 2.9683115482330322, 'learning_rate': 9.460151645182785e-05, 'epoch': 0.7}
{'loss': 0.1915, 'grad_norm': 3.698416233062744, 'learning_rate': 9.438672367814532e-05, 'epoch': 0.71}
{'eval_loss': 0.35273274779319763, 'eval_runtime': 64.2381, 'eval_samples_per_second': 54.236, 'eval_steps_per_second': 13.559, 'epoch': 0.71}
{'loss': 0.1992, 'grad_norm': 6.154816150665283, 'learning_rate': 9.416799451970547e-05, 'epoch': 0.72}
{'loss': 0.1988, 'grad_norm': 3.9184703826904297, 'learning_rate': 9.39453483742483e-05, 'epoch': 0.73}
{'eval_loss': 0.34077444672584534, 'eval_runtime': 64.2364, 'eval_samples_per_second': 54.237, 'eval_steps_per_second': 13.559, 'epoch': 0.73}
{'loss': 0.1922, 'grad_norm': 3.302079439163208, 'learning_rate': 9.37188049868872e-05, 'epoch': 0.74}
{'loss': 0.2055, 'grad_norm': 5.2935895919799805, 'learning_rate': 9.348838444835798e-05, 'epoch': 0.74}
{'eval_loss': 0.33289834856987, 'eval_runtime': 64.2005, 'eval_samples_per_second': 54.268, 'eval_steps_per_second': 13.567, 'epoch': 0.74}
{'loss': 0.2382, 'grad_norm': 4.639244556427002, 'learning_rate': 9.325410719323699e-05, 'epoch': 0.75}
{'loss': 0.2297, 'grad_norm': 3.1995720863342285, 'learning_rate': 9.301599399812904e-05, 'epoch': 0.76}
{'eval_loss': 0.34710147976875305, 'eval_runtime': 64.2688, 'eval_samples_per_second': 54.21, 'eval_steps_per_second': 13.552, 'epoch': 0.76}
{'loss': 0.2744, 'grad_norm': 3.5610997676849365, 'learning_rate': 9.277406597982477e-05, 'epoch': 0.77}
{'loss': 0.1941, 'grad_norm': 3.3280813694000244, 'learning_rate': 9.2528344593428e-05, 'epoch': 0.78}
{'eval_loss': 0.3411557674407959, 'eval_runtime': 64.4631, 'eval_samples_per_second': 54.046, 'eval_steps_per_second': 13.512, 'epoch': 0.78}
{'loss': 0.2117, 'grad_norm': 4.156432151794434, 'learning_rate': 9.227885163045294e-05, 'epoch': 0.78}
{'loss': 0.2437, 'grad_norm': 3.251126527786255, 'learning_rate': 9.202560921689166e-05, 'epoch': 0.79}
{'eval_loss': 0.3312108516693115, 'eval_runtime': 64.4788, 'eval_samples_per_second': 54.033, 'eval_steps_per_second': 13.508, 'epoch': 0.79}
{'loss': 0.234, 'grad_norm': 3.9252383708953857, 'learning_rate': 9.176863981125185e-05, 'epoch': 0.8}
{'loss': 0.1565, 'grad_norm': 4.523186683654785, 'learning_rate': 9.150796620256525e-05, 'epoch': 0.81}
{'eval_loss': 0.3496413230895996, 'eval_runtime': 64.3851, 'eval_samples_per_second': 54.112, 'eval_steps_per_second': 13.528, 'epoch': 0.81}
{'loss': 0.2587, 'grad_norm': 15.64908504486084, 'learning_rate': 9.12436115083664e-05, 'epoch': 0.82}
{'loss': 0.221, 'grad_norm': 4.805817127227783, 'learning_rate': 9.097559917264267e-05, 'epoch': 0.83}
{'eval_loss': 0.3377891480922699, 'eval_runtime': 64.2659, 'eval_samples_per_second': 54.212, 'eval_steps_per_second': 13.553, 'epoch': 0.83}
{'loss': 0.1553, 'grad_norm': 3.942826747894287, 'learning_rate': 9.070395296375508e-05, 'epoch': 0.83}
{'loss': 0.2899, 'grad_norm': 6.248204231262207, 'learning_rate': 9.042869697233046e-05, 'epoch': 0.84}
{'eval_loss': 0.33038952946662903, 'eval_runtime': 64.2675, 'eval_samples_per_second': 54.211, 'eval_steps_per_second': 13.553, 'epoch': 0.84}
{'loss': 0.1899, 'grad_norm': 3.776599407196045, 'learning_rate': 9.014985560912498e-05, 'epoch': 0.85}
{'loss': 0.1573, 'grad_norm': 2.4644815921783447, 'learning_rate': 8.986745360285932e-05, 'epoch': 0.86}
{'eval_loss': 0.3290431797504425, 'eval_runtime': 64.4938, 'eval_samples_per_second': 54.021, 'eval_steps_per_second': 13.505, 'epoch': 0.86}
{'loss': 0.2401, 'grad_norm': 4.335259437561035, 'learning_rate': 8.958151599802565e-05, 'epoch': 0.87}
{'loss': 0.1813, 'grad_norm': 5.046881675720215, 'learning_rate': 8.929206815266652e-05, 'epoch': 0.87}
{'eval_loss': 0.32087942957878113, 'eval_runtime': 64.4687, 'eval_samples_per_second': 54.042, 'eval_steps_per_second': 13.51, 'epoch': 0.87}
{'loss': 0.2229, 'grad_norm': 7.042047023773193, 'learning_rate': 8.899913573612612e-05, 'epoch': 0.88}
{'loss': 0.2409, 'grad_norm': 4.620278358459473, 'learning_rate': 8.870274472677376e-05, 'epoch': 0.89}
{'eval_loss': 0.3348918557167053, 'eval_runtime': 64.2345, 'eval_samples_per_second': 54.239, 'eval_steps_per_second': 13.56, 'epoch': 0.89}
{'loss': 0.1895, 'grad_norm': 4.413524150848389, 'learning_rate': 8.840292140969995e-05, 'epoch': 0.9}
{'loss': 0.238, 'grad_norm': 3.960435152053833, 'learning_rate': 8.809969237438548e-05, 'epoch': 0.91}
{'eval_loss': 0.32112449407577515, 'eval_runtime': 64.2957, 'eval_samples_per_second': 54.187, 'eval_steps_per_second': 13.547, 'epoch': 0.91}
{'loss': 0.1635, 'grad_norm': 5.249855995178223, 'learning_rate': 8.779308451234327e-05, 'epoch': 0.91}
{'loss': 0.168, 'grad_norm': 3.3241419792175293, 'learning_rate': 8.74831250147335e-05, 'epoch': 0.92}
{'eval_loss': 0.3273833394050598, 'eval_runtime': 64.4448, 'eval_samples_per_second': 54.062, 'eval_steps_per_second': 13.515, 'epoch': 0.92}
{'loss': 0.2007, 'grad_norm': 5.026270866394043, 'learning_rate': 8.716984136995227e-05, 'epoch': 0.93}
{'loss': 0.255, 'grad_norm': 4.527631759643555, 'learning_rate': 8.68532613611938e-05, 'epoch': 0.94}
{'eval_loss': 0.3326164484024048, 'eval_runtime': 64.4879, 'eval_samples_per_second': 54.026, 'eval_steps_per_second': 13.506, 'epoch': 0.94}
{'loss': 0.2113, 'grad_norm': 4.150551795959473, 'learning_rate': 8.653341306398645e-05, 'epoch': 0.95}
{'loss': 0.1846, 'grad_norm': 3.371019124984741, 'learning_rate': 8.621032484370299e-05, 'epoch': 0.95}
{'eval_loss': 0.3157249689102173, 'eval_runtime': 64.4203, 'eval_samples_per_second': 54.082, 'eval_steps_per_second': 13.521, 'epoch': 0.95}
{'loss': 0.2132, 'grad_norm': 3.3089444637298584, 'learning_rate': 8.588402535304495e-05, 'epoch': 0.96}
{'loss': 0.2128, 'grad_norm': 3.514634132385254, 'learning_rate': 8.555454352950161e-05, 'epoch': 0.97}
{'eval_loss': 0.3216920495033264, 'eval_runtime': 64.407, 'eval_samples_per_second': 54.093, 'eval_steps_per_second': 13.523, 'epoch': 0.97}
{'loss': 0.1838, 'grad_norm': 3.445016384124756, 'learning_rate': 8.522190859278376e-05, 'epoch': 0.98}
{'loss': 0.1578, 'grad_norm': 2.565368413925171, 'learning_rate': 8.488615004223233e-05, 'epoch': 0.99}
{'eval_loss': 0.3196013569831848, 'eval_runtime': 64.4158, 'eval_samples_per_second': 54.086, 'eval_steps_per_second': 13.522, 'epoch': 0.99}
{'loss': 0.2068, 'grad_norm': 4.881382942199707, 'learning_rate': 8.454729765420227e-05, 'epoch': 1.0}
{'loss': 0.1191, 'grad_norm': 2.256868600845337, 'learning_rate': 8.420538147942197e-05, 'epoch': 1.0}
{'eval_loss': 0.3192351758480072, 'eval_runtime': 64.2412, 'eval_samples_per_second': 54.233, 'eval_steps_per_second': 13.558, 'epoch': 1.0}
{'loss': 0.1404, 'grad_norm': 4.7885613441467285, 'learning_rate': 8.386043184032808e-05, 'epoch': 1.01}
{'loss': 0.1298, 'grad_norm': 2.673210620880127, 'learning_rate': 8.351247932837655e-05, 'epoch': 1.02}
{'eval_loss': 0.32580074667930603, 'eval_runtime': 64.2212, 'eval_samples_per_second': 54.25, 'eval_steps_per_second': 13.562, 'epoch': 1.02}
{'loss': 0.22, 'grad_norm': 6.35121488571167, 'learning_rate': 8.316155480132959e-05, 'epoch': 1.03}
{'loss': 0.1667, 'grad_norm': 4.396514892578125, 'learning_rate': 8.280768938051908e-05, 'epoch': 1.04}
{'eval_loss': 0.31965580582618713, 'eval_runtime': 64.4524, 'eval_samples_per_second': 54.055, 'eval_steps_per_second': 13.514, 'epoch': 1.04}
{'loss': 0.1225, 'grad_norm': 3.12198805809021, 'learning_rate': 8.245091444808664e-05, 'epoch': 1.04}
{'loss': 0.1183, 'grad_norm': 2.717257499694824, 'learning_rate': 8.209126164420055e-05, 'epoch': 1.05}
{'eval_loss': 0.32294365763664246, 'eval_runtime': 64.228, 'eval_samples_per_second': 54.244, 'eval_steps_per_second': 13.561, 'epoch': 1.05}
{'loss': 0.103, 'grad_norm': 3.8070778846740723, 'learning_rate': 8.172876286424974e-05, 'epoch': 1.06}
{'loss': 0.1119, 'grad_norm': 3.9965033531188965, 'learning_rate': 8.13634502560152e-05, 'epoch': 1.07}
{'eval_loss': 0.32248735427856445, 'eval_runtime': 64.2376, 'eval_samples_per_second': 54.236, 'eval_steps_per_second': 13.559, 'epoch': 1.07}
{'loss': 0.1352, 'grad_norm': 3.4141123294830322, 'learning_rate': 8.099535621681899e-05, 'epoch': 1.08}
{'loss': 0.1525, 'grad_norm': 4.739891529083252, 'learning_rate': 8.062451339065115e-05, 'epoch': 1.08}
{'eval_loss': 0.3209264874458313, 'eval_runtime': 64.2753, 'eval_samples_per_second': 54.204, 'eval_steps_per_second': 13.551, 'epoch': 1.08}
{'loss': 0.1488, 'grad_norm': 4.755675315856934, 'learning_rate': 8.025095466527467e-05, 'epoch': 1.09}
{'loss': 0.1463, 'grad_norm': 3.2724318504333496, 'learning_rate': 7.987471316930893e-05, 'epoch': 1.1}
{'eval_loss': 0.30536580085754395, 'eval_runtime': 64.3576, 'eval_samples_per_second': 54.135, 'eval_steps_per_second': 13.534, 'epoch': 1.1}
{'loss': 0.1316, 'grad_norm': 3.4881410598754883, 'learning_rate': 7.949582226929158e-05, 'epoch': 1.11}
{'loss': 0.1418, 'grad_norm': 2.9970431327819824, 'learning_rate': 7.911431556671968e-05, 'epoch': 1.12}
{'eval_loss': 0.30622419714927673, 'eval_runtime': 64.2644, 'eval_samples_per_second': 54.214, 'eval_steps_per_second': 13.553, 'epoch': 1.12}
{'loss': 0.1791, 'grad_norm': 3.1744136810302734, 'learning_rate': 7.873022689506964e-05, 'epoch': 1.12}
{'loss': 0.1497, 'grad_norm': 3.750291347503662, 'learning_rate': 7.834359031679679e-05, 'epoch': 1.13}
{'eval_loss': 0.32224634289741516, 'eval_runtime': 64.2399, 'eval_samples_per_second': 54.234, 'eval_steps_per_second': 13.559, 'epoch': 1.13}
{'loss': 0.1161, 'grad_norm': 2.428570508956909, 'learning_rate': 7.795444012031459e-05, 'epoch': 1.14}
{'loss': 0.142, 'grad_norm': 3.605489730834961, 'learning_rate': 7.75628108169538e-05, 'epoch': 1.15}
{'eval_loss': 0.32170820236206055, 'eval_runtime': 64.2576, 'eval_samples_per_second': 54.219, 'eval_steps_per_second': 13.555, 'epoch': 1.15}
{'loss': 0.1334, 'grad_norm': 2.4082562923431396, 'learning_rate': 7.716873713790183e-05, 'epoch': 1.16}
{'loss': 0.146, 'grad_norm': 2.992840051651001, 'learning_rate': 7.677225403112276e-05, 'epoch': 1.17}
{'eval_loss': 0.3322211503982544, 'eval_runtime': 64.473, 'eval_samples_per_second': 54.038, 'eval_steps_per_second': 13.51, 'epoch': 1.17}
{'loss': 0.1234, 'grad_norm': 2.2433042526245117, 'learning_rate': 7.637339665825794e-05, 'epoch': 1.17}
{'loss': 0.164, 'grad_norm': 3.203465223312378, 'learning_rate': 7.597220039150768e-05, 'epoch': 1.18}
{'eval_loss': 0.32465189695358276, 'eval_runtime': 64.2385, 'eval_samples_per_second': 54.235, 'eval_steps_per_second': 13.559, 'epoch': 1.18}
{'loss': 0.1458, 'grad_norm': 2.3622865676879883, 'learning_rate': 7.556870081049443e-05, 'epoch': 1.19}
{'loss': 0.1044, 'grad_norm': 2.8117897510528564, 'learning_rate': 7.516293369910737e-05, 'epoch': 1.2}
{'eval_loss': 0.3111434280872345, 'eval_runtime': 64.2162, 'eval_samples_per_second': 54.254, 'eval_steps_per_second': 13.564, 'epoch': 1.2}
{'loss': 0.1688, 'grad_norm': 4.824451923370361, 'learning_rate': 7.47549350423289e-05, 'epoch': 1.21}
{'loss': 0.156, 'grad_norm': 2.698490858078003, 'learning_rate': 7.43447410230435e-05, 'epoch': 1.21}
{'eval_loss': 0.3250465393066406, 'eval_runtime': 64.2172, 'eval_samples_per_second': 54.253, 'eval_steps_per_second': 13.563, 'epoch': 1.21}
{'loss': 0.1477, 'grad_norm': 3.6658031940460205, 'learning_rate': 7.393238801882875e-05, 'epoch': 1.22}
{'loss': 0.1543, 'grad_norm': 2.814082145690918, 'learning_rate': 7.351791259872929e-05, 'epoch': 1.23}
{'eval_loss': 0.3178828954696655, 'eval_runtime': 64.2104, 'eval_samples_per_second': 54.259, 'eval_steps_per_second': 13.565, 'epoch': 1.23}
{'loss': 0.1498, 'grad_norm': 2.8621113300323486, 'learning_rate': 7.310135152001381e-05, 'epoch': 1.24}
{'loss': 0.1196, 'grad_norm': 2.3140032291412354, 'learning_rate': 7.268274172491508e-05, 'epoch': 1.25}
{'eval_loss': 0.31933149695396423, 'eval_runtime': 64.3992, 'eval_samples_per_second': 54.1, 'eval_steps_per_second': 13.525, 'epoch': 1.25}
{'loss': 0.1218, 'grad_norm': 1.9464035034179688, 'learning_rate': 7.2262120337354e-05, 'epoch': 1.25}
{'loss': 0.1056, 'grad_norm': 2.6897385120391846, 'learning_rate': 7.183952465964711e-05, 'epoch': 1.26}
{'eval_loss': 0.31963977217674255, 'eval_runtime': 64.415, 'eval_samples_per_second': 54.087, 'eval_steps_per_second': 13.522, 'epoch': 1.26}
{'loss': 0.1282, 'grad_norm': 3.6691548824310303, 'learning_rate': 7.141499216919864e-05, 'epoch': 1.27}
{'loss': 0.1371, 'grad_norm': 2.44326114654541, 'learning_rate': 7.098856051517673e-05, 'epoch': 1.28}
{'eval_loss': 0.32513540983200073, 'eval_runtime': 64.4487, 'eval_samples_per_second': 54.059, 'eval_steps_per_second': 13.515, 'epoch': 1.28}
{'loss': 0.1669, 'grad_norm': 3.1310293674468994, 'learning_rate': 7.056026751517469e-05, 'epoch': 1.29}
{'loss': 0.1373, 'grad_norm': 3.4175586700439453, 'learning_rate': 7.013015115185706e-05, 'epoch': 1.29}
{'eval_loss': 0.322590708732605, 'eval_runtime': 64.4797, 'eval_samples_per_second': 54.033, 'eval_steps_per_second': 13.508, 'epoch': 1.29}
{'loss': 0.1058, 'grad_norm': 2.0689504146575928, 'learning_rate': 6.969824956959128e-05, 'epoch': 1.3}
{'loss': 0.1711, 'grad_norm': 4.720774173736572, 'learning_rate': 6.926460107106482e-05, 'epoch': 1.31}
{'eval_loss': 0.3461052179336548, 'eval_runtime': 64.2226, 'eval_samples_per_second': 54.249, 'eval_steps_per_second': 13.562, 'epoch': 1.31}
{'loss': 0.1, 'grad_norm': 3.9481189250946045, 'learning_rate': 6.882924411388838e-05, 'epoch': 1.32}
{'loss': 0.1077, 'grad_norm': 3.549992084503174, 'learning_rate': 6.839221730718533e-05, 'epoch': 1.33}
{'eval_loss': 0.3227005898952484, 'eval_runtime': 64.2034, 'eval_samples_per_second': 54.265, 'eval_steps_per_second': 13.566, 'epoch': 1.33}
{'loss': 0.1763, 'grad_norm': 2.801621675491333, 'learning_rate': 6.795355940816767e-05, 'epoch': 1.33}
{'loss': 0.1348, 'grad_norm': 3.260063648223877, 'learning_rate': 6.751330931869897e-05, 'epoch': 1.34}
{'eval_loss': 0.32568806409835815, 'eval_runtime': 64.2315, 'eval_samples_per_second': 54.241, 'eval_steps_per_second': 13.56, 'epoch': 1.34}
{'loss': 0.1629, 'grad_norm': 2.27487850189209, 'learning_rate': 6.70715060818443e-05, 'epoch': 1.35}
{'loss': 0.1764, 'grad_norm': 3.9916818141937256, 'learning_rate': 6.66281888784078e-05, 'epoch': 1.36}
{'eval_loss': 0.32866233587265015, 'eval_runtime': 64.4024, 'eval_samples_per_second': 54.097, 'eval_steps_per_second': 13.524, 'epoch': 1.36}
{'loss': 0.1006, 'grad_norm': 2.933561325073242, 'learning_rate': 6.6183397023458e-05, 'epoch': 1.37}
{'loss': 0.1269, 'grad_norm': 2.3700735569000244, 'learning_rate': 6.573716996284113e-05, 'epoch': 1.38}
{'eval_loss': 0.3226129710674286, 'eval_runtime': 64.4656, 'eval_samples_per_second': 54.044, 'eval_steps_per_second': 13.511, 'epoch': 1.38}
{'loss': 0.1006, 'grad_norm': 2.5520007610321045, 'learning_rate': 6.528954726968301e-05, 'epoch': 1.38}
{'loss': 0.1506, 'grad_norm': 2.6422321796417236, 'learning_rate': 6.484056864087947e-05, 'epoch': 1.39}
{'eval_loss': 0.31717804074287415, 'eval_runtime': 64.4211, 'eval_samples_per_second': 54.082, 'eval_steps_per_second': 13.52, 'epoch': 1.39}
{'loss': 0.1415, 'grad_norm': 4.0583815574646, 'learning_rate': 6.439027389357591e-05, 'epoch': 1.4}
{'loss': 0.1236, 'grad_norm': 3.866041421890259, 'learning_rate': 6.393870296163615e-05, 'epoch': 1.41}
{'eval_loss': 0.30366000533103943, 'eval_runtime': 64.4359, 'eval_samples_per_second': 54.069, 'eval_steps_per_second': 13.517, 'epoch': 1.41}
{'loss': 0.0931, 'grad_norm': 3.0327961444854736, 'learning_rate': 6.348589589210103e-05, 'epoch': 1.42}
{'loss': 0.0886, 'grad_norm': 1.8218574523925781, 'learning_rate': 6.303189284163668e-05, 'epoch': 1.42}
{'eval_loss': 0.325681209564209, 'eval_runtime': 64.4188, 'eval_samples_per_second': 54.084, 'eval_steps_per_second': 13.521, 'epoch': 1.42}
{'loss': 0.178, 'grad_norm': 2.529604196548462, 'learning_rate': 6.257673407297351e-05, 'epoch': 1.43}
{'loss': 0.1304, 'grad_norm': 4.116031646728516, 'learning_rate': 6.212045995133544e-05, 'epoch': 1.44}
{'eval_loss': 0.3106141686439514, 'eval_runtime': 64.2178, 'eval_samples_per_second': 54.253, 'eval_steps_per_second': 13.563, 'epoch': 1.44}
{'loss': 0.1105, 'grad_norm': 2.772418737411499, 'learning_rate': 6.166311094086006e-05, 'epoch': 1.45}
{'loss': 0.0939, 'grad_norm': 2.0982418060302734, 'learning_rate': 6.120472760101039e-05, 'epoch': 1.46}
{'eval_loss': 0.3273525536060333, 'eval_runtime': 64.2468, 'eval_samples_per_second': 54.228, 'eval_steps_per_second': 13.557, 'epoch': 1.46}
{'loss': 0.1255, 'grad_norm': 3.3371846675872803, 'learning_rate': 6.07453505829776e-05, 'epoch': 1.46}
{'loss': 0.106, 'grad_norm': 2.937997341156006, 'learning_rate': 6.028502062607611e-05, 'epoch': 1.47}
{'eval_loss': 0.3327723741531372, 'eval_runtime': 64.2802, 'eval_samples_per_second': 54.2, 'eval_steps_per_second': 13.55, 'epoch': 1.47}
{'loss': 0.1004, 'grad_norm': 5.034612655639648, 'learning_rate': 5.982377855413063e-05, 'epoch': 1.48}
{'loss': 0.1116, 'grad_norm': 4.1718010902404785, 'learning_rate': 5.936166527185565e-05, 'epoch': 1.49}
{'eval_loss': 0.314683735370636, 'eval_runtime': 64.4279, 'eval_samples_per_second': 54.076, 'eval_steps_per_second': 13.519, 'epoch': 1.49}
{'loss': 0.1457, 'grad_norm': 2.710693120956421, 'learning_rate': 5.889872176122802e-05, 'epoch': 1.5}
{'loss': 0.1663, 'grad_norm': 3.823453187942505, 'learning_rate': 5.8434989077852366e-05, 'epoch': 1.5}
{'eval_loss': 0.2954375445842743, 'eval_runtime': 64.2287, 'eval_samples_per_second': 54.244, 'eval_steps_per_second': 13.561, 'epoch': 1.5}
{'loss': 0.1563, 'grad_norm': 2.5351505279541016, 'learning_rate': 5.797050834732021e-05, 'epoch': 1.51}
{'loss': 0.1044, 'grad_norm': 2.7731800079345703, 'learning_rate': 5.750532076156273e-05, 'epoch': 1.52}
{'eval_loss': 0.2997550666332245, 'eval_runtime': 64.2311, 'eval_samples_per_second': 54.242, 'eval_steps_per_second': 13.56, 'epoch': 1.52}
{'loss': 0.0742, 'grad_norm': 1.9073309898376465, 'learning_rate': 5.703946757519777e-05, 'epoch': 1.53}
{'loss': 0.1382, 'grad_norm': 4.317754745483398, 'learning_rate': 5.6572990101871156e-05, 'epoch': 1.54}
{'eval_loss': 0.3149772584438324, 'eval_runtime': 64.2239, 'eval_samples_per_second': 54.248, 'eval_steps_per_second': 13.562, 'epoch': 1.54}
{'loss': 0.0991, 'grad_norm': 3.384657621383667, 'learning_rate': 5.6105929710592874e-05, 'epoch': 1.55}
{'loss': 0.1289, 'grad_norm': 2.3533294200897217, 'learning_rate': 5.5638327822068345e-05, 'epoch': 1.55}
{'eval_loss': 0.307982861995697, 'eval_runtime': 64.4354, 'eval_samples_per_second': 54.07, 'eval_steps_per_second': 13.517, 'epoch': 1.55}
{'loss': 0.1255, 'grad_norm': 2.668856620788574, 'learning_rate': 5.517022590502501e-05, 'epoch': 1.56}
{'loss': 0.1265, 'grad_norm': 3.4404549598693848, 'learning_rate': 5.470166547253476e-05, 'epoch': 1.57}
{'eval_loss': 0.29660844802856445, 'eval_runtime': 64.4679, 'eval_samples_per_second': 54.042, 'eval_steps_per_second': 13.511, 'epoch': 1.57}
{'loss': 0.1432, 'grad_norm': 2.6067452430725098, 'learning_rate': 5.423268807833238e-05, 'epoch': 1.58}
{'loss': 0.1558, 'grad_norm': 3.7657277584075928, 'learning_rate': 5.376333531313046e-05, 'epoch': 1.59}
{'eval_loss': 0.30004292726516724, 'eval_runtime': 64.4318, 'eval_samples_per_second': 54.073, 'eval_steps_per_second': 13.518, 'epoch': 1.59}
{'loss': 0.1517, 'grad_norm': 3.0473620891571045, 'learning_rate': 5.3293648800930874e-05, 'epoch': 1.59}
{'loss': 0.1135, 'grad_norm': 3.2450246810913086, 'learning_rate': 5.2823670195333494e-05, 'epoch': 1.6}
{'eval_loss': 0.30260783433914185, 'eval_runtime': 64.4022, 'eval_samples_per_second': 54.098, 'eval_steps_per_second': 13.524, 'epoch': 1.6}
{'loss': 0.1628, 'grad_norm': 2.927298069000244, 'learning_rate': 5.2353441175842154e-05, 'epoch': 1.61}
{'loss': 0.1134, 'grad_norm': 3.5214109420776367, 'learning_rate': 5.188300344416833e-05, 'epoch': 1.62}
{'eval_loss': 0.29047515988349915, 'eval_runtime': 64.2406, 'eval_samples_per_second': 54.234, 'eval_steps_per_second': 13.558, 'epoch': 1.62}
{'loss': 0.1264, 'grad_norm': 3.351933479309082, 'learning_rate': 5.141239872053294e-05, 'epoch': 1.63}
{'loss': 0.146, 'grad_norm': 2.4331893920898438, 'learning_rate': 5.094166873996632e-05, 'epoch': 1.63}
{'eval_loss': 0.2933655083179474, 'eval_runtime': 64.251, 'eval_samples_per_second': 54.225, 'eval_steps_per_second': 13.556, 'epoch': 1.63}
{'loss': 0.091, 'grad_norm': 2.258974552154541, 'learning_rate': 5.04708552486071e-05, 'epoch': 1.64}
{'loss': 0.1294, 'grad_norm': 3.9213082790374756, 'learning_rate': 5e-05, 'epoch': 1.65}
{'eval_loss': 0.297108918428421, 'eval_runtime': 64.2312, 'eval_samples_per_second': 54.242, 'eval_steps_per_second': 13.56, 'epoch': 1.65}
{'loss': 0.1233, 'grad_norm': 2.944195508956909, 'learning_rate': 4.952914475139291e-05, 'epoch': 1.66}
{'loss': 0.094, 'grad_norm': 2.4348883628845215, 'learning_rate': 4.905833126003371e-05, 'epoch': 1.67}
{'eval_loss': 0.3039149343967438, 'eval_runtime': 64.2421, 'eval_samples_per_second': 54.232, 'eval_steps_per_second': 13.558, 'epoch': 1.67}
{'loss': 0.118, 'grad_norm': 3.31758189201355, 'learning_rate': 4.8587601279467074e-05, 'epoch': 1.67}
{'loss': 0.0957, 'grad_norm': 1.6907356977462769, 'learning_rate': 4.811699655583167e-05, 'epoch': 1.68}
{'eval_loss': 0.3000914752483368, 'eval_runtime': 64.2348, 'eval_samples_per_second': 54.239, 'eval_steps_per_second': 13.56, 'epoch': 1.68}
{'loss': 0.1106, 'grad_norm': 3.4567623138427734, 'learning_rate': 4.764655882415785e-05, 'epoch': 1.69}
{'loss': 0.1103, 'grad_norm': 2.555938243865967, 'learning_rate': 4.717632980466651e-05, 'epoch': 1.7}
{'eval_loss': 0.3142819404602051, 'eval_runtime': 64.2219, 'eval_samples_per_second': 54.249, 'eval_steps_per_second': 13.562, 'epoch': 1.7}
{'loss': 0.1193, 'grad_norm': 3.803804874420166, 'learning_rate': 4.6706351199069144e-05, 'epoch': 1.71}
{'loss': 0.1254, 'grad_norm': 3.014350175857544, 'learning_rate': 4.623666468686956e-05, 'epoch': 1.72}
{'eval_loss': 0.30476975440979004, 'eval_runtime': 64.2331, 'eval_samples_per_second': 54.24, 'eval_steps_per_second': 13.56, 'epoch': 1.72}
{'loss': 0.0712, 'grad_norm': 2.738248586654663, 'learning_rate': 4.5767311921667624e-05, 'epoch': 1.72}
{'loss': 0.14, 'grad_norm': 6.028459548950195, 'learning_rate': 4.529833452746525e-05, 'epoch': 1.73}
{'eval_loss': 0.31709346175193787, 'eval_runtime': 64.2878, 'eval_samples_per_second': 54.194, 'eval_steps_per_second': 13.548, 'epoch': 1.73}
{'loss': 0.1004, 'grad_norm': 4.380709171295166, 'learning_rate': 4.4829774094975e-05, 'epoch': 1.74}
{'loss': 0.1161, 'grad_norm': 2.1460399627685547, 'learning_rate': 4.436167217793166e-05, 'epoch': 1.75}
{'eval_loss': 0.3200462758541107, 'eval_runtime': 64.2444, 'eval_samples_per_second': 54.23, 'eval_steps_per_second': 13.558, 'epoch': 1.75}
{'loss': 0.0846, 'grad_norm': 3.327543258666992, 'learning_rate': 4.389407028940714e-05, 'epoch': 1.76}
{'loss': 0.108, 'grad_norm': 4.8407063484191895, 'learning_rate': 4.342700989812887e-05, 'epoch': 1.76}
{'eval_loss': 0.32083263993263245, 'eval_runtime': 64.2514, 'eval_samples_per_second': 54.224, 'eval_steps_per_second': 13.556, 'epoch': 1.76}
{'loss': 0.0892, 'grad_norm': 1.2886477708816528, 'learning_rate': 4.296053242480223e-05, 'epoch': 1.77}
{'loss': 0.1213, 'grad_norm': 3.5057215690612793, 'learning_rate': 4.249467923843728e-05, 'epoch': 1.78}
{'eval_loss': 0.31580471992492676, 'eval_runtime': 64.2188, 'eval_samples_per_second': 54.252, 'eval_steps_per_second': 13.563, 'epoch': 1.78}
{'loss': 0.1034, 'grad_norm': 3.354492425918579, 'learning_rate': 4.2029491652679804e-05, 'epoch': 1.79}
{'loss': 0.1168, 'grad_norm': 3.338432788848877, 'learning_rate': 4.1565010922147646e-05, 'epoch': 1.8}
{'eval_loss': 0.31471681594848633, 'eval_runtime': 64.4028, 'eval_samples_per_second': 54.097, 'eval_steps_per_second': 13.524, 'epoch': 1.8}
{'loss': 0.0796, 'grad_norm': 4.163137435913086, 'learning_rate': 4.110127823877199e-05, 'epoch': 1.8}
{'loss': 0.0876, 'grad_norm': 2.9876370429992676, 'learning_rate': 4.0638334728144365e-05, 'epoch': 1.81}
{'eval_loss': 0.3142462968826294, 'eval_runtime': 64.4877, 'eval_samples_per_second': 54.026, 'eval_steps_per_second': 13.506, 'epoch': 1.81}
{'loss': 0.1122, 'grad_norm': 3.110325813293457, 'learning_rate': 4.0176221445869376e-05, 'epoch': 1.82}
{'loss': 0.0907, 'grad_norm': 2.5526046752929688, 'learning_rate': 3.971497937392388e-05, 'epoch': 1.83}
{'eval_loss': 0.3171458840370178, 'eval_runtime': 64.4995, 'eval_samples_per_second': 54.016, 'eval_steps_per_second': 13.504, 'epoch': 1.83}
{'loss': 0.1202, 'grad_norm': 2.906191825866699, 'learning_rate': 3.9254649417022403e-05, 'epoch': 1.84}
{'loss': 0.0749, 'grad_norm': 2.6773180961608887, 'learning_rate': 3.879527239898962e-05, 'epoch': 1.84}
{'eval_loss': 0.31493908166885376, 'eval_runtime': 64.4772, 'eval_samples_per_second': 54.035, 'eval_steps_per_second': 13.509, 'epoch': 1.84}
{'loss': 0.0568, 'grad_norm': 1.2768440246582031, 'learning_rate': 3.8336889059139934e-05, 'epoch': 1.85}
{'loss': 0.1373, 'grad_norm': 1.8015285730361938, 'learning_rate': 3.787954004866459e-05, 'epoch': 1.86}
{'eval_loss': 0.3119576871395111, 'eval_runtime': 64.4239, 'eval_samples_per_second': 54.079, 'eval_steps_per_second': 13.52, 'epoch': 1.86}
{'loss': 0.1165, 'grad_norm': 3.1242616176605225, 'learning_rate': 3.742326592702648e-05, 'epoch': 1.87}
{'loss': 0.0834, 'grad_norm': 2.943286418914795, 'learning_rate': 3.696810715836332e-05, 'epoch': 1.88}
{'eval_loss': 0.3031364977359772, 'eval_runtime': 64.894, 'eval_samples_per_second': 53.688, 'eval_steps_per_second': 13.422, 'epoch': 1.88}
{'loss': 0.0681, 'grad_norm': 1.2073813676834106, 'learning_rate': 3.651410410789898e-05, 'epoch': 1.89}
{'loss': 0.1162, 'grad_norm': 2.3630118370056152, 'learning_rate': 3.606129703836385e-05, 'epoch': 1.89}
{'eval_loss': 0.29894834756851196, 'eval_runtime': 65.07, 'eval_samples_per_second': 53.542, 'eval_steps_per_second': 13.386, 'epoch': 1.89}
{'loss': 0.0789, 'grad_norm': 1.8216922283172607, 'learning_rate': 3.560972610642411e-05, 'epoch': 1.9}
{'loss': 0.1163, 'grad_norm': 2.9408867359161377, 'learning_rate': 3.515943135912054e-05, 'epoch': 1.91}
{'eval_loss': 0.3089950978755951, 'eval_runtime': 65.0914, 'eval_samples_per_second': 53.525, 'eval_steps_per_second': 13.381, 'epoch': 1.91}
{'loss': 0.0935, 'grad_norm': 1.8468596935272217, 'learning_rate': 3.471045273031698e-05, 'epoch': 1.92}
{'loss': 0.0976, 'grad_norm': 2.054365396499634, 'learning_rate': 3.426283003715886e-05, 'epoch': 1.93}
{'eval_loss': 0.30065545439720154, 'eval_runtime': 64.9463, 'eval_samples_per_second': 53.644, 'eval_steps_per_second': 13.411, 'epoch': 1.93}
{'loss': 0.113, 'grad_norm': 2.4381392002105713, 'learning_rate': 3.3816602976542e-05, 'epoch': 1.93}
{'loss': 0.0723, 'grad_norm': 2.5189342498779297, 'learning_rate': 3.33718111215922e-05, 'epoch': 1.94}
{'eval_loss': 0.3094835579395294, 'eval_runtime': 65.0337, 'eval_samples_per_second': 53.572, 'eval_steps_per_second': 13.393, 'epoch': 1.94}
{'loss': 0.1117, 'grad_norm': 2.172726631164551, 'learning_rate': 3.2928493918155704e-05, 'epoch': 1.95}
{'loss': 0.1145, 'grad_norm': 3.4627718925476074, 'learning_rate': 3.2486690681301045e-05, 'epoch': 1.96}
{'eval_loss': 0.3080117106437683, 'eval_runtime': 64.8968, 'eval_samples_per_second': 53.685, 'eval_steps_per_second': 13.421, 'epoch': 1.96}
{'loss': 0.0814, 'grad_norm': 2.465801954269409, 'learning_rate': 3.204644059183232e-05, 'epoch': 1.97}
{'loss': 0.1115, 'grad_norm': 3.04160475730896, 'learning_rate': 3.160778269281468e-05, 'epoch': 1.97}
{'eval_loss': 0.30072396993637085, 'eval_runtime': 64.9246, 'eval_samples_per_second': 53.662, 'eval_steps_per_second': 13.416, 'epoch': 1.97}
{'loss': 0.0944, 'grad_norm': 2.9880313873291016, 'learning_rate': 3.1170755886111625e-05, 'epoch': 1.98}
{'loss': 0.0595, 'grad_norm': 1.6622257232666016, 'learning_rate': 3.073539892893519e-05, 'epoch': 1.99}
{'eval_loss': 0.3070871829986572, 'eval_runtime': 64.8575, 'eval_samples_per_second': 53.718, 'eval_steps_per_second': 13.429, 'epoch': 1.99}
{'loss': 0.0882, 'grad_norm': 2.427237033843994, 'learning_rate': 3.0301750430408725e-05, 'epoch': 2.0}
{'loss': 0.1126, 'grad_norm': 1.3345879316329956, 'learning_rate': 2.9869848848142955e-05, 'epoch': 2.01}
{'eval_loss': 0.314071387052536, 'eval_runtime': 64.8844, 'eval_samples_per_second': 53.696, 'eval_steps_per_second': 13.424, 'epoch': 2.01}
{'loss': 0.0759, 'grad_norm': 2.326526165008545, 'learning_rate': 2.943973248482532e-05, 'epoch': 2.01}
{'loss': 0.0649, 'grad_norm': 2.4741203784942627, 'learning_rate': 2.901143948482329e-05, 'epoch': 2.02}
{'eval_loss': 0.3345048427581787, 'eval_runtime': 64.8803, 'eval_samples_per_second': 53.699, 'eval_steps_per_second': 13.425, 'epoch': 2.02}
{'loss': 0.0456, 'grad_norm': 1.5186151266098022, 'learning_rate': 2.858500783080138e-05, 'epoch': 2.03}
{'loss': 0.0627, 'grad_norm': 1.9637858867645264, 'learning_rate': 2.816047534035291e-05, 'epoch': 2.04}
{'eval_loss': 0.339752197265625, 'eval_runtime': 64.8646, 'eval_samples_per_second': 53.712, 'eval_steps_per_second': 13.428, 'epoch': 2.04}
{'loss': 0.0688, 'grad_norm': 2.6511948108673096, 'learning_rate': 2.7737879662646014e-05, 'epoch': 2.05}
{'loss': 0.0835, 'grad_norm': 2.901442527770996, 'learning_rate': 2.731725827508494e-05, 'epoch': 2.06}
{'eval_loss': 0.325875461101532, 'eval_runtime': 64.8826, 'eval_samples_per_second': 53.697, 'eval_steps_per_second': 13.424, 'epoch': 2.06}
{'loss': 0.0349, 'grad_norm': 1.421634316444397, 'learning_rate': 2.6898648479986187e-05, 'epoch': 2.06}
{'loss': 0.0652, 'grad_norm': 2.7260422706604004, 'learning_rate': 2.6482087401270705e-05, 'epoch': 2.07}
{'eval_loss': 0.3181541860103607, 'eval_runtime': 64.8926, 'eval_samples_per_second': 53.689, 'eval_steps_per_second': 13.422, 'epoch': 2.07}
{'loss': 0.0595, 'grad_norm': 2.6327853202819824, 'learning_rate': 2.6067611981171275e-05, 'epoch': 2.08}
{'loss': 0.0709, 'grad_norm': 2.022021770477295, 'learning_rate': 2.565525897695651e-05, 'epoch': 2.09}
{'eval_loss': 0.3127782642841339, 'eval_runtime': 65.1064, 'eval_samples_per_second': 53.512, 'eval_steps_per_second': 13.378, 'epoch': 2.09}
{'loss': 0.0605, 'grad_norm': 2.1651222705841064, 'learning_rate': 2.5245064957671115e-05, 'epoch': 2.1}
{'loss': 0.0557, 'grad_norm': 2.0949230194091797, 'learning_rate': 2.483706630089265e-05, 'epoch': 2.1}
{'eval_loss': 0.30785155296325684, 'eval_runtime': 65.0594, 'eval_samples_per_second': 53.551, 'eval_steps_per_second': 13.388, 'epoch': 2.1}
{'loss': 0.0581, 'grad_norm': 1.8270941972732544, 'learning_rate': 2.4431299189505565e-05, 'epoch': 2.11}
{'loss': 0.055, 'grad_norm': 1.691840648651123, 'learning_rate': 2.402779960849232e-05, 'epoch': 2.12}
{'eval_loss': 0.3089680075645447, 'eval_runtime': 65.0334, 'eval_samples_per_second': 53.572, 'eval_steps_per_second': 13.393, 'epoch': 2.12}
{'loss': 0.0762, 'grad_norm': 2.443371295928955, 'learning_rate': 2.3626603341742076e-05, 'epoch': 2.13}
{'loss': 0.0611, 'grad_norm': 1.6803042888641357, 'learning_rate': 2.3227745968877255e-05, 'epoch': 2.14}
{'eval_loss': 0.3073764443397522, 'eval_runtime': 65.1018, 'eval_samples_per_second': 53.516, 'eval_steps_per_second': 13.379, 'epoch': 2.14}
{'loss': 0.0651, 'grad_norm': 2.369357109069824, 'learning_rate': 2.2831262862098186e-05, 'epoch': 2.14}
{'loss': 0.0494, 'grad_norm': 1.861480712890625, 'learning_rate': 2.2437189183046238e-05, 'epoch': 2.15}
{'eval_loss': 0.30682486295700073, 'eval_runtime': 64.8702, 'eval_samples_per_second': 53.707, 'eval_steps_per_second': 13.427, 'epoch': 2.15}
{'loss': 0.0547, 'grad_norm': 1.7820526361465454, 'learning_rate': 2.2045559879685406e-05, 'epoch': 2.16}
{'loss': 0.0504, 'grad_norm': 2.324455738067627, 'learning_rate': 2.1656409683203215e-05, 'epoch': 2.17}
{'eval_loss': 0.30984458327293396, 'eval_runtime': 65.0883, 'eval_samples_per_second': 53.527, 'eval_steps_per_second': 13.382, 'epoch': 2.17}
{'loss': 0.0704, 'grad_norm': 1.5460491180419922, 'learning_rate': 2.1269773104930364e-05, 'epoch': 2.18}
{'loss': 0.0478, 'grad_norm': 1.5826804637908936, 'learning_rate': 2.0885684433280333e-05, 'epoch': 2.18}
{'eval_loss': 0.3105795383453369, 'eval_runtime': 64.8492, 'eval_samples_per_second': 53.725, 'eval_steps_per_second': 13.431, 'epoch': 2.18}
{'loss': 0.0399, 'grad_norm': 3.385028123855591, 'learning_rate': 2.0504177730708445e-05, 'epoch': 2.19}
{'loss': 0.0561, 'grad_norm': 1.1166880130767822, 'learning_rate': 2.0125286830691093e-05, 'epoch': 2.2}
{'eval_loss': 0.313850998878479, 'eval_runtime': 64.9314, 'eval_samples_per_second': 53.657, 'eval_steps_per_second': 13.414, 'epoch': 2.2}
{'loss': 0.0432, 'grad_norm': 1.825668215751648, 'learning_rate': 1.974904533472532e-05, 'epoch': 2.21}
{'loss': 0.0479, 'grad_norm': 1.3080302476882935, 'learning_rate': 1.937548660934884e-05, 'epoch': 2.22}
{'eval_loss': 0.3156299889087677, 'eval_runtime': 64.8341, 'eval_samples_per_second': 53.737, 'eval_steps_per_second': 13.434, 'epoch': 2.22}
{'loss': 0.0666, 'grad_norm': 5.356321334838867, 'learning_rate': 1.9004643783181024e-05, 'epoch': 2.22}
{'loss': 0.0412, 'grad_norm': 1.9787102937698364, 'learning_rate': 1.8636549743984817e-05, 'epoch': 2.23}
{'eval_loss': 0.31517839431762695, 'eval_runtime': 64.8912, 'eval_samples_per_second': 53.69, 'eval_steps_per_second': 13.422, 'epoch': 2.23}
{'loss': 0.0789, 'grad_norm': 5.178931713104248, 'learning_rate': 1.827123713575028e-05, 'epoch': 2.24}
{'loss': 0.0652, 'grad_norm': 1.7902826070785522, 'learning_rate': 1.7908738355799453e-05, 'epoch': 2.25}
{'eval_loss': 0.31039273738861084, 'eval_runtime': 64.947, 'eval_samples_per_second': 53.644, 'eval_steps_per_second': 13.411, 'epoch': 2.25}
{'loss': 0.0726, 'grad_norm': 1.7521027326583862, 'learning_rate': 1.7549085551913357e-05, 'epoch': 2.26}
{'loss': 0.0758, 'grad_norm': 2.1066107749938965, 'learning_rate': 1.719231061948094e-05, 'epoch': 2.27}
{'eval_loss': 0.3091675937175751, 'eval_runtime': 64.813, 'eval_samples_per_second': 53.755, 'eval_steps_per_second': 13.439, 'epoch': 2.27}
{'loss': 0.0515, 'grad_norm': 1.5884840488433838, 'learning_rate': 1.683844519867042e-05, 'epoch': 2.27}
{'loss': 0.0584, 'grad_norm': 2.764080286026001, 'learning_rate': 1.6487520671623468e-05, 'epoch': 2.28}
{'eval_loss': 0.3110146224498749, 'eval_runtime': 65.0665, 'eval_samples_per_second': 53.545, 'eval_steps_per_second': 13.386, 'epoch': 2.28}
{'loss': 0.0233, 'grad_norm': 1.8017505407333374, 'learning_rate': 1.613956815967193e-05, 'epoch': 2.29}
{'loss': 0.0509, 'grad_norm': 2.167086601257324, 'learning_rate': 1.5794618520578052e-05, 'epoch': 2.3}
{'eval_loss': 0.31364086270332336, 'eval_runtime': 64.803, 'eval_samples_per_second': 53.763, 'eval_steps_per_second': 13.441, 'epoch': 2.3}
{'loss': 0.0453, 'grad_norm': 1.5789175033569336, 'learning_rate': 1.5452702345797735e-05, 'epoch': 2.31}
{'loss': 0.0706, 'grad_norm': 1.2902954816818237, 'learning_rate': 1.5113849957767684e-05, 'epoch': 2.31}
{'eval_loss': 0.3141084313392639, 'eval_runtime': 65.0735, 'eval_samples_per_second': 53.539, 'eval_steps_per_second': 13.385, 'epoch': 2.31}
{'loss': 0.0475, 'grad_norm': 1.5420188903808594, 'learning_rate': 1.4778091407216255e-05, 'epoch': 2.32}
{'loss': 0.053, 'grad_norm': 1.512010931968689, 'learning_rate': 1.4445456470498392e-05, 'epoch': 2.33}
{'eval_loss': 0.31224730610847473, 'eval_runtime': 65.0822, 'eval_samples_per_second': 53.532, 'eval_steps_per_second': 13.383, 'epoch': 2.33}
{'loss': 0.0457, 'grad_norm': 2.129758834838867, 'learning_rate': 1.4115974646955065e-05, 'epoch': 2.34}
{'loss': 0.0466, 'grad_norm': 1.0390315055847168, 'learning_rate': 1.378967515629701e-05, 'epoch': 2.35}
{'eval_loss': 0.30895814299583435, 'eval_runtime': 65.1113, 'eval_samples_per_second': 53.508, 'eval_steps_per_second': 13.377, 'epoch': 2.35}
{'loss': 0.0506, 'grad_norm': 1.058058500289917, 'learning_rate': 1.3466586936013547e-05, 'epoch': 2.35}
{'loss': 0.0604, 'grad_norm': 1.7259466648101807, 'learning_rate': 1.3146738638806216e-05, 'epoch': 2.36}
{'eval_loss': 0.30624884366989136, 'eval_runtime': 65.0882, 'eval_samples_per_second': 53.527, 'eval_steps_per_second': 13.382, 'epoch': 2.36}
{'loss': 0.0388, 'grad_norm': 2.8060128688812256, 'learning_rate': 1.2830158630047729e-05, 'epoch': 2.37}
{'loss': 0.0776, 'grad_norm': 2.003997802734375, 'learning_rate': 1.2516874985266508e-05, 'epoch': 2.38}
{'eval_loss': 0.30744221806526184, 'eval_runtime': 65.0054, 'eval_samples_per_second': 53.596, 'eval_steps_per_second': 13.399, 'epoch': 2.38}
{'loss': 0.0525, 'grad_norm': 2.030637264251709, 'learning_rate': 1.2206915487656733e-05, 'epoch': 2.39}
{'loss': 0.0522, 'grad_norm': 1.5891550779342651, 'learning_rate': 1.1900307625614521e-05, 'epoch': 2.39}
{'eval_loss': 0.30971765518188477, 'eval_runtime': 64.8724, 'eval_samples_per_second': 53.705, 'eval_steps_per_second': 13.426, 'epoch': 2.39}
{'loss': 0.0766, 'grad_norm': 2.1261558532714844, 'learning_rate': 1.1597078590300054e-05, 'epoch': 2.4}
{'loss': 0.045, 'grad_norm': 2.0514960289001465, 'learning_rate': 1.1297255273226254e-05, 'epoch': 2.41}
{'eval_loss': 0.3116317093372345, 'eval_runtime': 65.0076, 'eval_samples_per_second': 53.594, 'eval_steps_per_second': 13.398, 'epoch': 2.41}
{'loss': 0.0527, 'grad_norm': 2.119241952896118, 'learning_rate': 1.1000864263873889e-05, 'epoch': 2.42}
{'loss': 0.0681, 'grad_norm': 2.1544158458709717, 'learning_rate': 1.0707931847333486e-05, 'epoch': 2.43}
{'eval_loss': 0.30778220295906067, 'eval_runtime': 64.8109, 'eval_samples_per_second': 53.756, 'eval_steps_per_second': 13.439, 'epoch': 2.43}
{'loss': 0.0519, 'grad_norm': 1.199119210243225, 'learning_rate': 1.0418484001974371e-05, 'epoch': 2.44}
{'loss': 0.05, 'grad_norm': 3.225297689437866, 'learning_rate': 1.0132546397140685e-05, 'epoch': 2.44}
{'eval_loss': 0.30874985456466675, 'eval_runtime': 65.0859, 'eval_samples_per_second': 53.529, 'eval_steps_per_second': 13.382, 'epoch': 2.44}
{'loss': 0.0422, 'grad_norm': 2.010619878768921, 'learning_rate': 9.850144390875022e-06, 'epoch': 2.45}
{'loss': 0.0432, 'grad_norm': 1.4837515354156494, 'learning_rate': 9.571303027669548e-06, 'epoch': 2.46}
{'eval_loss': 0.3123266100883484, 'eval_runtime': 65.0521, 'eval_samples_per_second': 53.557, 'eval_steps_per_second': 13.389, 'epoch': 2.46}
{'loss': 0.0474, 'grad_norm': 2.5747718811035156, 'learning_rate': 9.296047036244927e-06, 'epoch': 2.47}
{'loss': 0.0456, 'grad_norm': 1.0185092687606812, 'learning_rate': 9.024400827357344e-06, 'epoch': 2.48}
{'eval_loss': 0.313784658908844, 'eval_runtime': 65.0807, 'eval_samples_per_second': 53.534, 'eval_steps_per_second': 13.383, 'epoch': 2.48}
{'loss': 0.0419, 'grad_norm': 1.6182538270950317, 'learning_rate': 8.756388491633605e-06, 'epoch': 2.48}
{'loss': 0.0422, 'grad_norm': 1.8990060091018677, 'learning_rate': 8.492033797434762e-06, 'epoch': 2.49}
{'eval_loss': 0.3158014118671417, 'eval_runtime': 64.8785, 'eval_samples_per_second': 53.7, 'eval_steps_per_second': 13.425, 'epoch': 2.49}
{'loss': 0.0564, 'grad_norm': 2.0617640018463135, 'learning_rate': 8.231360188748149e-06, 'epoch': 2.5}
{'loss': 0.0397, 'grad_norm': 1.0624395608901978, 'learning_rate': 7.97439078310836e-06, 'epoch': 2.51}
{'eval_loss': 0.31642499566078186, 'eval_runtime': 65.0382, 'eval_samples_per_second': 53.569, 'eval_steps_per_second': 13.392, 'epoch': 2.51}
{'loss': 0.0339, 'grad_norm': 1.4154577255249023, 'learning_rate': 7.721148369547076e-06, 'epoch': 2.52}
{'loss': 0.0573, 'grad_norm': 3.0252084732055664, 'learning_rate': 7.471655406572003e-06, 'epoch': 2.52}
{'eval_loss': 0.3169231116771698, 'eval_runtime': 64.9238, 'eval_samples_per_second': 53.663, 'eval_steps_per_second': 13.416, 'epoch': 2.52}
{'loss': 0.0465, 'grad_norm': 1.4276090860366821, 'learning_rate': 7.225934020175235e-06, 'epoch': 2.53}
{'loss': 0.0366, 'grad_norm': 0.7048065662384033, 'learning_rate': 6.984006001870974e-06, 'epoch': 2.54}
{'eval_loss': 0.31593331694602966, 'eval_runtime': 64.8779, 'eval_samples_per_second': 53.701, 'eval_steps_per_second': 13.425, 'epoch': 2.54}
{'loss': 0.0368, 'grad_norm': 2.0830421447753906, 'learning_rate': 6.745892806763015e-06, 'epoch': 2.55}
{'loss': 0.0432, 'grad_norm': 0.6137330532073975, 'learning_rate': 6.5116155516420305e-06, 'epoch': 2.56}
{'eval_loss': 0.3161517083644867, 'eval_runtime': 65.0281, 'eval_samples_per_second': 53.577, 'eval_steps_per_second': 13.394, 'epoch': 2.56}
{'loss': 0.046, 'grad_norm': 2.847442626953125, 'learning_rate': 6.281195013112795e-06, 'epoch': 2.56}
{'loss': 0.0346, 'grad_norm': 1.9121326208114624, 'learning_rate': 6.054651625751717e-06, 'epoch': 2.57}
{'eval_loss': 0.31750792264938354, 'eval_runtime': 65.0644, 'eval_samples_per_second': 53.547, 'eval_steps_per_second': 13.387, 'epoch': 2.57}
{'loss': 0.0478, 'grad_norm': 2.5371265411376953, 'learning_rate': 5.8320054802945386e-06, 'epoch': 2.58}
{'loss': 0.0577, 'grad_norm': 0.3611992597579956, 'learning_rate': 5.613276321854699e-06, 'epoch': 2.59}
{'eval_loss': 0.3156786262989044, 'eval_runtime': 64.9092, 'eval_samples_per_second': 53.675, 'eval_steps_per_second': 13.419, 'epoch': 2.59}
{'loss': 0.0489, 'grad_norm': 2.6741888523101807, 'learning_rate': 5.398483548172162e-06, 'epoch': 2.6}
{'loss': 0.0578, 'grad_norm': 1.368922233581543, 'learning_rate': 5.187646207893287e-06, 'epoch': 2.61}
{'eval_loss': 0.3141644597053528, 'eval_runtime': 65.0813, 'eval_samples_per_second': 53.533, 'eval_steps_per_second': 13.383, 'epoch': 2.61}
{'loss': 0.0424, 'grad_norm': 2.6655588150024414, 'learning_rate': 4.980782998881362e-06, 'epoch': 2.61}
{'loss': 0.0569, 'grad_norm': 1.2572143077850342, 'learning_rate': 4.777912266558532e-06, 'epoch': 2.62}
{'eval_loss': 0.3122710883617401, 'eval_runtime': 65.0441, 'eval_samples_per_second': 53.564, 'eval_steps_per_second': 13.391, 'epoch': 2.62}
{'loss': 0.0594, 'grad_norm': 3.734487533569336, 'learning_rate': 4.579052002278788e-06, 'epoch': 2.63}
{'loss': 0.0519, 'grad_norm': 1.2799229621887207, 'learning_rate': 4.384219841732434e-06, 'epoch': 2.64}
{'eval_loss': 0.3117310106754303, 'eval_runtime': 64.9738, 'eval_samples_per_second': 53.622, 'eval_steps_per_second': 13.405, 'epoch': 2.64}
{'loss': 0.0435, 'grad_norm': 1.4022091627120972, 'learning_rate': 4.193433063382135e-06, 'epoch': 2.65}
{'loss': 0.0478, 'grad_norm': 2.197131872177124, 'learning_rate': 4.006708586930536e-06, 'epoch': 2.65}
{'eval_loss': 0.3113124370574951, 'eval_runtime': 64.8665, 'eval_samples_per_second': 53.71, 'eval_steps_per_second': 13.428, 'epoch': 2.65}
{'loss': 0.0562, 'grad_norm': 3.557460308074951, 'learning_rate': 3.8240629718197915e-06, 'epoch': 2.66}
{'loss': 0.0452, 'grad_norm': 2.5290591716766357, 'learning_rate': 3.6455124157629805e-06, 'epoch': 2.67}
{'eval_loss': 0.3108700215816498, 'eval_runtime': 64.9994, 'eval_samples_per_second': 53.601, 'eval_steps_per_second': 13.4, 'epoch': 2.67}
{'loss': 0.0475, 'grad_norm': 1.1711735725402832, 'learning_rate': 3.4710727533076803e-06, 'epoch': 2.68}
{'loss': 0.0405, 'grad_norm': 1.7625211477279663, 'learning_rate': 3.3007594544316568e-06, 'epoch': 2.69}
{'eval_loss': 0.31142833828926086, 'eval_runtime': 65.0991, 'eval_samples_per_second': 53.518, 'eval_steps_per_second': 13.38, 'epoch': 2.69}
{'loss': 0.0527, 'grad_norm': 1.680734395980835, 'learning_rate': 3.1345876231709094e-06, 'epoch': 2.69}
{'loss': 0.033, 'grad_norm': 1.3429638147354126, 'learning_rate': 2.9725719962802936e-06, 'epoch': 2.7}
{'eval_loss': 0.31253618001937866, 'eval_runtime': 65.0355, 'eval_samples_per_second': 53.571, 'eval_steps_per_second': 13.393, 'epoch': 2.7}
{'loss': 0.0485, 'grad_norm': 1.812796950340271, 'learning_rate': 2.8147269419264543e-06, 'epoch': 2.71}
{'loss': 0.0739, 'grad_norm': 2.0486812591552734, 'learning_rate': 2.661066458413741e-06, 'epoch': 2.72}
{'eval_loss': 0.31311580538749695, 'eval_runtime': 65.1018, 'eval_samples_per_second': 53.516, 'eval_steps_per_second': 13.379, 'epoch': 2.72}
{'loss': 0.0644, 'grad_norm': 1.5537071228027344, 'learning_rate': 2.511604172942672e-06, 'epoch': 2.73}
{'loss': 0.0466, 'grad_norm': 3.488734483718872, 'learning_rate': 2.3663533404015225e-06, 'epoch': 2.73}
{'eval_loss': 0.3136144280433655, 'eval_runtime': 65.0541, 'eval_samples_per_second': 53.555, 'eval_steps_per_second': 13.389, 'epoch': 2.73}
{'loss': 0.0332, 'grad_norm': 1.5975278615951538, 'learning_rate': 2.2253268421907504e-06, 'epoch': 2.74}
{'loss': 0.0528, 'grad_norm': 2.0376198291778564, 'learning_rate': 2.088537185080669e-06, 'epoch': 2.75}
{'eval_loss': 0.31390953063964844, 'eval_runtime': 64.8077, 'eval_samples_per_second': 53.759, 'eval_steps_per_second': 13.44, 'epoch': 2.75}
{'loss': 0.0403, 'grad_norm': 1.2218494415283203, 'learning_rate': 1.955996500102292e-06, 'epoch': 2.76}
{'loss': 0.0351, 'grad_norm': 0.909603476524353, 'learning_rate': 1.827716541471486e-06, 'epoch': 2.77}
{'eval_loss': 0.31370416283607483, 'eval_runtime': 64.9641, 'eval_samples_per_second': 53.63, 'eval_steps_per_second': 13.407, 'epoch': 2.77}
{'loss': 0.0404, 'grad_norm': 0.8429005146026611, 'learning_rate': 1.70370868554659e-06, 'epoch': 2.78}
{'loss': 0.0618, 'grad_norm': 2.796466588973999, 'learning_rate': 1.5839839298194881e-06, 'epoch': 2.78}
{'eval_loss': 0.31417185068130493, 'eval_runtime': 65.1063, 'eval_samples_per_second': 53.513, 'eval_steps_per_second': 13.378, 'epoch': 2.78}
{'loss': 0.0664, 'grad_norm': 1.1165157556533813, 'learning_rate': 1.4685528919403445e-06, 'epoch': 2.79}
{'loss': 0.0506, 'grad_norm': 3.2684381008148193, 'learning_rate': 1.3574258087759639e-06, 'epoch': 2.8}
{'eval_loss': 0.3139534592628479, 'eval_runtime': 65.1145, 'eval_samples_per_second': 53.506, 'eval_steps_per_second': 13.376, 'epoch': 2.8}
{'loss': 0.0419, 'grad_norm': 0.8929718136787415, 'learning_rate': 1.2506125355019327e-06, 'epoch': 2.81}
{'loss': 0.0387, 'grad_norm': 2.369462728500366, 'learning_rate': 1.1481225447286803e-06, 'epoch': 2.82}
{'eval_loss': 0.3139077425003052, 'eval_runtime': 64.8449, 'eval_samples_per_second': 53.728, 'eval_steps_per_second': 13.432, 'epoch': 2.82}
{'loss': 0.0261, 'grad_norm': 0.999710738658905, 'learning_rate': 1.0499649256613454e-06, 'epoch': 2.82}
{'loss': 0.0374, 'grad_norm': 1.587143063545227, 'learning_rate': 9.561483832937535e-07, 'epoch': 2.83}
{'eval_loss': 0.3147084414958954, 'eval_runtime': 65.012, 'eval_samples_per_second': 53.59, 'eval_steps_per_second': 13.398, 'epoch': 2.83}
{'loss': 0.0473, 'grad_norm': 1.828909158706665, 'learning_rate': 8.666812376364186e-07, 'epoch': 2.84}
{'loss': 0.0328, 'grad_norm': 1.4168078899383545, 'learning_rate': 7.815714229786719e-07, 'epoch': 2.85}
{'eval_loss': 0.31485092639923096, 'eval_runtime': 64.8851, 'eval_samples_per_second': 53.695, 'eval_steps_per_second': 13.424, 'epoch': 2.85}
{'loss': 0.0395, 'grad_norm': 1.8702752590179443, 'learning_rate': 7.008264871850412e-07, 'epoch': 2.86}
{'loss': 0.0417, 'grad_norm': 1.5300005674362183, 'learning_rate': 6.244535910258698e-07, 'epoch': 2.86}
{'eval_loss': 0.3148356080055237, 'eval_runtime': 65.0497, 'eval_samples_per_second': 53.559, 'eval_steps_per_second': 13.39, 'epoch': 2.86}
{'loss': 0.0343, 'grad_norm': 1.1634657382965088, 'learning_rate': 5.524595075422745e-07, 'epoch': 2.87}
{'loss': 0.0565, 'grad_norm': 1.528497338294983, 'learning_rate': 4.848506214454651e-07, 'epoch': 2.88}
{'eval_loss': 0.31466060876846313, 'eval_runtime': 64.8339, 'eval_samples_per_second': 53.737, 'eval_steps_per_second': 13.434, 'epoch': 2.88}
{'loss': 0.0591, 'grad_norm': 2.4477012157440186, 'learning_rate': 4.2163292855056933e-07, 'epoch': 2.89}
{'loss': 0.0553, 'grad_norm': 1.9834975004196167, 'learning_rate': 3.628120352448583e-07, 'epoch': 2.9}
{'eval_loss': 0.31450772285461426, 'eval_runtime': 65.0256, 'eval_samples_per_second': 53.579, 'eval_steps_per_second': 13.395, 'epoch': 2.9}
{'loss': 0.0437, 'grad_norm': 1.656606912612915, 'learning_rate': 3.0839315799055526e-07, 'epoch': 2.9}
{'loss': 0.0386, 'grad_norm': 1.9089078903198242, 'learning_rate': 2.5838112286226123e-07, 'epoch': 2.91}
{'eval_loss': 0.3143986761569977, 'eval_runtime': 65.0522, 'eval_samples_per_second': 53.557, 'eval_steps_per_second': 13.389, 'epoch': 2.91}
{'loss': 0.041, 'grad_norm': 1.4242773056030273, 'learning_rate': 2.1278036511889754e-07, 'epoch': 2.92}
{'loss': 0.0325, 'grad_norm': 0.5584152340888977, 'learning_rate': 1.715949288104146e-07, 'epoch': 2.93}
{'eval_loss': 0.31440627574920654, 'eval_runtime': 65.0086, 'eval_samples_per_second': 53.593, 'eval_steps_per_second': 13.398, 'epoch': 2.93}
{'loss': 0.0578, 'grad_norm': 2.8889827728271484, 'learning_rate': 1.348284664191457e-07, 'epoch': 2.94}
{'loss': 0.0389, 'grad_norm': 1.7031160593032837, 'learning_rate': 1.0248423853587153e-07, 'epoch': 2.94}
{'eval_loss': 0.3143887519836426, 'eval_runtime': 64.8606, 'eval_samples_per_second': 53.715, 'eval_steps_per_second': 13.429, 'epoch': 2.94}
{'loss': 0.074, 'grad_norm': 2.5230214595794678, 'learning_rate': 7.45651135706682e-08, 'epoch': 2.95}
{'loss': 0.0481, 'grad_norm': 1.3001168966293335, 'learning_rate': 5.107356749853298e-08, 'epoch': 2.96}
{'eval_loss': 0.3143875300884247, 'eval_runtime': 64.8852, 'eval_samples_per_second': 53.695, 'eval_steps_per_second': 13.424, 'epoch': 2.96}
{'loss': 0.0413, 'grad_norm': 1.7996035814285278, 'learning_rate': 3.2011683639798783e-08, 'epoch': 2.97}
{'loss': 0.052, 'grad_norm': 2.819793224334717, 'learning_rate': 1.7381152475376417e-08, 'epoch': 2.98}
{'eval_loss': 0.3144136071205139, 'eval_runtime': 64.861, 'eval_samples_per_second': 53.715, 'eval_steps_per_second': 13.429, 'epoch': 2.98}
{'loss': 0.0368, 'grad_norm': 1.2698376178741455, 'learning_rate': 7.18327149683562e-09, 'epoch': 2.99}
{'loss': 0.0281, 'grad_norm': 0.8670944571495056, 'learning_rate': 1.4189450913415503e-09, 'epoch': 2.99}
{'eval_loss': 0.31437787413597107, 'eval_runtime': 64.8517, 'eval_samples_per_second': 53.723, 'eval_steps_per_second': 13.431, 'epoch': 2.99}
{'train_runtime': 15284.6618, 'train_samples_per_second': 1.941, 'train_steps_per_second': 0.121, 'train_loss': 0.1830510201722287, 'epoch': 3.0}
=== Done. Model saved to runs/seed42/codet5p_770m ===
==================  GENERATE  codet5p_770m  ==================
=== Loading seq2seq model: runs/seed42/codet5p_770m ===
=== Grammar-constrained decoding: /home/kimjuyoung/elixir_types_trainer/type_migrator_with_llm/scripts/descr_type.gbnf ===
==================  COMPLETION CHECK  ==================
GENERATION INCOMPLETE -- output missing.
