==================  TRAIN  codet5p_770m  (seed 42)  ==================
=== Config ===
{
  "model_name_or_path": "Salesforce/codet5p-770m",
  "output_dir": "runs/codet5p_770m",
  "trust_remote_code": false,
  "seq2seq": {
    "max_source_length": 512,
    "max_target_length": 512
  },
  "training": {
    "per_device_train_batch_size": 4,
    "per_device_eval_batch_size": 4,
    "gradient_accumulation_steps": 4,
    "num_train_epochs": 1.2,
    "learning_rate": 0.0001,
    "lr_scheduler_type": "cosine",
    "warmup_ratio": 0.1,
    "weight_decay": 0.01,
    "bf16": true,
    "optim": "paged_adamw_8bit",
    "seed": 42,
    "eval_steps": 10,
    "save_steps": 10,
    "save_total_limit": 3,
    "logging_steps": 5,
    "report_to": "none",
    "load_best_model_at_end": true,
    "metric_for_best_model": "eval_loss"
  }
}
=== Output: runs/seed42/codet5p_770m ===
decoder_start_token_id=0, pad_token_id=0
Train: 9888, Val: 3484
Sample input ids len: 340, label len: 155
{'loss': 2.6157, 'grad_norm': 36.38005065917969, 'learning_rate': 6.666666666666667e-06, 'epoch': 0.01}
{'loss': 2.2792, 'grad_norm': 19.15193748474121, 'learning_rate': 1.3333333333333333e-05, 'epoch': 0.02}
{'eval_loss': 1.9655332565307617, 'eval_runtime': 45.8817, 'eval_samples_per_second': 75.934, 'eval_steps_per_second': 18.984, 'epoch': 0.02}
{'loss': 1.4917, 'grad_norm': 16.40296745300293, 'learning_rate': 2e-05, 'epoch': 0.02}
{'loss': 1.1002, 'grad_norm': 14.527589797973633, 'learning_rate': 2.6666666666666667e-05, 'epoch': 0.03}
{'eval_loss': 0.8604534268379211, 'eval_runtime': 44.5551, 'eval_samples_per_second': 78.195, 'eval_steps_per_second': 19.549, 'epoch': 0.03}
{'loss': 0.868, 'grad_norm': 12.67083740234375, 'learning_rate': 3.3333333333333335e-05, 'epoch': 0.04}
{'loss': 0.6951, 'grad_norm': 19.98499298095703, 'learning_rate': 4e-05, 'epoch': 0.05}
{'eval_loss': 0.5788294076919556, 'eval_runtime': 44.7013, 'eval_samples_per_second': 77.94, 'eval_steps_per_second': 19.485, 'epoch': 0.05}
{'loss': 0.6699, 'grad_norm': 12.495295524597168, 'learning_rate': 4.666666666666667e-05, 'epoch': 0.06}
{'loss': 0.5652, 'grad_norm': 9.165582656860352, 'learning_rate': 5.333333333333333e-05, 'epoch': 0.06}
{'eval_loss': 0.5200062990188599, 'eval_runtime': 45.5951, 'eval_samples_per_second': 76.412, 'eval_steps_per_second': 19.103, 'epoch': 0.06}
{'loss': 0.5792, 'grad_norm': 7.424667835235596, 'learning_rate': 6e-05, 'epoch': 0.07}
{'loss': 0.5056, 'grad_norm': 10.0381498336792, 'learning_rate': 6.666666666666667e-05, 'epoch': 0.08}
{'eval_loss': 0.4635523855686188, 'eval_runtime': 45.9742, 'eval_samples_per_second': 75.782, 'eval_steps_per_second': 18.945, 'epoch': 0.08}
{'loss': 0.4374, 'grad_norm': 7.943935394287109, 'learning_rate': 7.333333333333333e-05, 'epoch': 0.09}
{'loss': 0.5267, 'grad_norm': 6.627220153808594, 'learning_rate': 8e-05, 'epoch': 0.1}
{'eval_loss': 0.4620691239833832, 'eval_runtime': 44.8784, 'eval_samples_per_second': 77.632, 'eval_steps_per_second': 19.408, 'epoch': 0.1}
{'loss': 0.4903, 'grad_norm': 7.149005889892578, 'learning_rate': 8.666666666666667e-05, 'epoch': 0.11}
{'loss': 0.4325, 'grad_norm': 6.144991397857666, 'learning_rate': 9.333333333333334e-05, 'epoch': 0.11}
{'eval_loss': 0.4395473003387451, 'eval_runtime': 45.3297, 'eval_samples_per_second': 76.859, 'eval_steps_per_second': 19.215, 'epoch': 0.11}
{'loss': 0.3932, 'grad_norm': 9.092087745666504, 'learning_rate': 0.0001, 'epoch': 0.12}
{'loss': 0.4908, 'grad_norm': 6.645103931427002, 'learning_rate': 9.998613537834624e-05, 'epoch': 0.13}
{'eval_loss': 0.40666282176971436, 'eval_runtime': 43.6285, 'eval_samples_per_second': 79.856, 'eval_steps_per_second': 19.964, 'epoch': 0.13}
{'loss': 0.39, 'grad_norm': 8.252991676330566, 'learning_rate': 9.994454920249432e-05, 'epoch': 0.14}
{'loss': 0.4003, 'grad_norm': 7.109616279602051, 'learning_rate': 9.987526453550798e-05, 'epoch': 0.15}
{'eval_loss': 0.42942360043525696, 'eval_runtime': 43.5955, 'eval_samples_per_second': 79.917, 'eval_steps_per_second': 19.979, 'epoch': 0.15}
{'loss': 0.4739, 'grad_norm': 7.750914096832275, 'learning_rate': 9.977831980161499e-05, 'epoch': 0.15}
{'loss': 0.3551, 'grad_norm': 6.504328727722168, 'learning_rate': 9.965376876489765e-05, 'epoch': 0.16}
{'eval_loss': 0.41682130098342896, 'eval_runtime': 45.5641, 'eval_samples_per_second': 76.464, 'eval_steps_per_second': 19.116, 'epoch': 0.16}
{'loss': 0.3318, 'grad_norm': 6.448668003082275, 'learning_rate': 9.950168049947596e-05, 'epoch': 0.17}
{'loss': 0.4117, 'grad_norm': 6.496465682983398, 'learning_rate': 9.932213935120025e-05, 'epoch': 0.18}
{'eval_loss': 0.4258122146129608, 'eval_runtime': 45.6519, 'eval_samples_per_second': 76.317, 'eval_steps_per_second': 19.079, 'epoch': 0.18}
{'loss': 0.3792, 'grad_norm': 4.719042778015137, 'learning_rate': 9.911524489087421e-05, 'epoch': 0.19}
{'loss': 0.3789, 'grad_norm': 10.366947174072266, 'learning_rate': 9.888111185903441e-05, 'epoch': 0.19}
{'eval_loss': 0.39579111337661743, 'eval_runtime': 45.7947, 'eval_samples_per_second': 76.079, 'eval_steps_per_second': 19.02, 'epoch': 0.19}
{'loss': 0.3448, 'grad_norm': 7.219377040863037, 'learning_rate': 9.861987010231702e-05, 'epoch': 0.2}
{'loss': 0.3361, 'grad_norm': 6.1902689933776855, 'learning_rate': 9.833166450144666e-05, 'epoch': 0.21}
{'eval_loss': 0.39287492632865906, 'eval_runtime': 45.7394, 'eval_samples_per_second': 76.171, 'eval_steps_per_second': 19.043, 'epoch': 0.21}
{'loss': 0.3024, 'grad_norm': 5.831538200378418, 'learning_rate': 9.801665489088794e-05, 'epoch': 0.22}
{'loss': 0.3288, 'grad_norm': 6.327402114868164, 'learning_rate': 9.767501597020357e-05, 'epoch': 0.23}
{'eval_loss': 0.38822922110557556, 'eval_runtime': 45.6019, 'eval_samples_per_second': 76.4, 'eval_steps_per_second': 19.1, 'epoch': 0.23}
{'loss': 0.3173, 'grad_norm': 6.608865737915039, 'learning_rate': 9.730693720716866e-05, 'epoch': 0.23}
{'loss': 0.3213, 'grad_norm': 4.92431640625, 'learning_rate': 9.691262273269471e-05, 'epoch': 0.24}
{'eval_loss': 0.3767404556274414, 'eval_runtime': 44.3496, 'eval_samples_per_second': 78.558, 'eval_steps_per_second': 19.639, 'epoch': 0.24}
{'loss': 0.4305, 'grad_norm': 7.566007137298584, 'learning_rate': 9.64922912276218e-05, 'epoch': 0.25}
{'loss': 0.3271, 'grad_norm': 4.637063026428223, 'learning_rate': 9.604617580144139e-05, 'epoch': 0.26}
{'eval_loss': 0.3692147731781006, 'eval_runtime': 45.2108, 'eval_samples_per_second': 77.061, 'eval_steps_per_second': 19.265, 'epoch': 0.26}
{'loss': 0.3576, 'grad_norm': 6.606277942657471, 'learning_rate': 9.55745238630174e-05, 'epoch': 0.27}
{'loss': 0.298, 'grad_norm': 4.1813154220581055, 'learning_rate': 9.507759698337697e-05, 'epoch': 0.28}
{'eval_loss': 0.3776808977127075, 'eval_runtime': 44.3845, 'eval_samples_per_second': 78.496, 'eval_steps_per_second': 19.624, 'epoch': 0.28}
{'loss': 0.3212, 'grad_norm': 8.514521598815918, 'learning_rate': 9.455567075064716e-05, 'epoch': 0.28}
{'loss': 0.2525, 'grad_norm': 6.711000442504883, 'learning_rate': 9.400903461721783e-05, 'epoch': 0.29}
{'eval_loss': 0.36018773913383484, 'eval_runtime': 45.1463, 'eval_samples_per_second': 77.171, 'eval_steps_per_second': 19.293, 'epoch': 0.29}
{'loss': 0.326, 'grad_norm': 7.324417591094971, 'learning_rate': 9.343799173921592e-05, 'epoch': 0.3}
{'loss': 0.2945, 'grad_norm': 6.651528358459473, 'learning_rate': 9.284285880837946e-05, 'epoch': 0.31}
{'eval_loss': 0.35104331374168396, 'eval_runtime': 44.6044, 'eval_samples_per_second': 78.109, 'eval_steps_per_second': 19.527, 'epoch': 0.31}
{'loss': 0.3689, 'grad_norm': 4.79725456237793, 'learning_rate': 9.222396587642528e-05, 'epoch': 0.32}
{'loss': 0.2267, 'grad_norm': 12.41953182220459, 'learning_rate': 9.158165617200717e-05, 'epoch': 0.32}
{'eval_loss': 0.3579494059085846, 'eval_runtime': 44.1376, 'eval_samples_per_second': 78.935, 'eval_steps_per_second': 19.734, 'epoch': 0.32}
{'loss': 0.3534, 'grad_norm': 4.291041374206543, 'learning_rate': 9.091628591036661e-05, 'epoch': 0.33}
{'loss': 0.3196, 'grad_norm': 5.205432891845703, 'learning_rate': 9.022822409578105e-05, 'epoch': 0.34}
{'eval_loss': 0.3580446243286133, 'eval_runtime': 44.5251, 'eval_samples_per_second': 78.248, 'eval_steps_per_second': 19.562, 'epoch': 0.34}
{'loss': 0.2824, 'grad_norm': 4.883188247680664, 'learning_rate': 8.95178523169199e-05, 'epoch': 0.35}
{'loss': 0.265, 'grad_norm': 5.340897560119629, 'learning_rate': 8.8785564535221e-05, 'epoch': 0.36}
{'eval_loss': 0.3473659157752991, 'eval_runtime': 44.5358, 'eval_samples_per_second': 78.229, 'eval_steps_per_second': 19.557, 'epoch': 0.36}
{'loss': 0.2196, 'grad_norm': 3.8951494693756104, 'learning_rate': 8.803176686640577e-05, 'epoch': 0.36}
{'loss': 0.2356, 'grad_norm': 2.8798668384552, 'learning_rate': 8.725687735525348e-05, 'epoch': 0.37}
{'eval_loss': 0.3543497323989868, 'eval_runtime': 44.5013, 'eval_samples_per_second': 78.29, 'eval_steps_per_second': 19.572, 'epoch': 0.37}
{'loss': 0.2563, 'grad_norm': 4.710878372192383, 'learning_rate': 8.646132574375994e-05, 'epoch': 0.38}
{'loss': 0.2835, 'grad_norm': 3.8921782970428467, 'learning_rate': 8.564555323280913e-05, 'epoch': 0.39}
{'eval_loss': 0.3324064314365387, 'eval_runtime': 44.6495, 'eval_samples_per_second': 78.03, 'eval_steps_per_second': 19.508, 'epoch': 0.39}
{'loss': 0.2763, 'grad_norm': 6.503760814666748, 'learning_rate': 8.481001223748985e-05, 'epoch': 0.4}
{'loss': 0.2804, 'grad_norm': 3.681079149246216, 'learning_rate': 8.395516613619316e-05, 'epoch': 0.4}
{'eval_loss': 0.3264108896255493, 'eval_runtime': 44.1945, 'eval_samples_per_second': 78.833, 'eval_steps_per_second': 19.708, 'epoch': 0.4}
{'loss': 0.2007, 'grad_norm': 3.874567747116089, 'learning_rate': 8.308148901362969e-05, 'epoch': 0.41}
{'loss': 0.2286, 'grad_norm': 3.481654405593872, 'learning_rate': 8.218946539790958e-05, 'epoch': 0.42}
{'eval_loss': 0.333528608083725, 'eval_runtime': 44.4684, 'eval_samples_per_second': 78.348, 'eval_steps_per_second': 19.587, 'epoch': 0.42}
{'loss': 0.3011, 'grad_norm': 3.6431984901428223, 'learning_rate': 8.127958999183027e-05, 'epoch': 0.43}
{'loss': 0.2057, 'grad_norm': 5.084996223449707, 'learning_rate': 8.035236739852215e-05, 'epoch': 0.44}
{'eval_loss': 0.3305608928203583, 'eval_runtime': 44.9865, 'eval_samples_per_second': 77.446, 'eval_steps_per_second': 19.361, 'epoch': 0.44}
{'loss': 0.2036, 'grad_norm': 4.888605117797852, 'learning_rate': 7.940831184160294e-05, 'epoch': 0.44}
{'loss': 0.2544, 'grad_norm': 5.104341983795166, 'learning_rate': 7.844794687999736e-05, 'epoch': 0.45}
{'eval_loss': 0.3482247591018677, 'eval_runtime': 44.4503, 'eval_samples_per_second': 78.38, 'eval_steps_per_second': 19.595, 'epoch': 0.45}
{'loss': 0.2079, 'grad_norm': 3.8037362098693848, 'learning_rate': 7.747180511757908e-05, 'epoch': 0.46}
{'loss': 0.262, 'grad_norm': 6.748231887817383, 'learning_rate': 7.648042790779676e-05, 'epoch': 0.47}
{'eval_loss': 0.3408888578414917, 'eval_runtime': 45.0498, 'eval_samples_per_second': 77.337, 'eval_steps_per_second': 19.334, 'epoch': 0.47}
{'loss': 0.2244, 'grad_norm': 3.9049410820007324, 'learning_rate': 7.54743650534476e-05, 'epoch': 0.48}
{'loss': 0.204, 'grad_norm': 4.947208404541016, 'learning_rate': 7.4454174501765e-05, 'epoch': 0.49}
{'eval_loss': 0.3183436393737793, 'eval_runtime': 44.7212, 'eval_samples_per_second': 77.905, 'eval_steps_per_second': 19.476, 'epoch': 0.49}
{'loss': 0.2331, 'grad_norm': 6.433466911315918, 'learning_rate': 7.342042203498951e-05, 'epoch': 0.49}
{'loss': 0.2179, 'grad_norm': 4.225141525268555, 'learning_rate': 7.237368095659459e-05, 'epoch': 0.5}
{'eval_loss': 0.3288990557193756, 'eval_runtime': 44.572, 'eval_samples_per_second': 78.166, 'eval_steps_per_second': 19.541, 'epoch': 0.5}
{'loss': 0.2498, 'grad_norm': 5.761584281921387, 'learning_rate': 7.131453177334103e-05, 'epoch': 0.51}
{'loss': 0.2338, 'grad_norm': 8.809727668762207, 'learning_rate': 7.024356187333692e-05, 'epoch': 0.52}
{'eval_loss': 0.3397855758666992, 'eval_runtime': 44.2241, 'eval_samples_per_second': 78.781, 'eval_steps_per_second': 19.695, 'epoch': 0.52}
{'loss': 0.2472, 'grad_norm': 6.3304009437561035, 'learning_rate': 6.916136520028088e-05, 'epoch': 0.53}
{'loss': 0.1993, 'grad_norm': 4.142695426940918, 'learning_rate': 6.806854192406995e-05, 'epoch': 0.53}
{'eval_loss': 0.3191867768764496, 'eval_runtime': 44.1125, 'eval_samples_per_second': 78.98, 'eval_steps_per_second': 19.745, 'epoch': 0.53}
{'loss': 0.337, 'grad_norm': 4.1515583992004395, 'learning_rate': 6.696569810795456e-05, 'epoch': 0.54}
{'loss': 0.2429, 'grad_norm': 3.7905068397521973, 'learning_rate': 6.58534453724248e-05, 'epoch': 0.55}
{'eval_loss': 0.32150739431381226, 'eval_runtime': 44.1707, 'eval_samples_per_second': 78.876, 'eval_steps_per_second': 19.719, 'epoch': 0.55}
{'loss': 0.2299, 'grad_norm': 3.6842119693756104, 'learning_rate': 6.473240055601517e-05, 'epoch': 0.56}
{'loss': 0.2286, 'grad_norm': 2.2434892654418945, 'learning_rate': 6.36031853732151e-05, 'epoch': 0.57}
{'eval_loss': 0.3138948380947113, 'eval_runtime': 43.864, 'eval_samples_per_second': 79.427, 'eval_steps_per_second': 19.857, 'epoch': 0.57}
{'loss': 0.205, 'grad_norm': 4.138291835784912, 'learning_rate': 6.246642606967562e-05, 'epoch': 0.57}
{'loss': 0.1727, 'grad_norm': 4.998270511627197, 'learning_rate': 6.13227530749029e-05, 'epoch': 0.58}
{'eval_loss': 0.3110443353652954, 'eval_runtime': 43.8232, 'eval_samples_per_second': 79.501, 'eval_steps_per_second': 19.875, 'epoch': 0.58}
{'loss': 0.2806, 'grad_norm': 3.0358426570892334, 'learning_rate': 6.01728006526317e-05, 'epoch': 0.59}
{'loss': 0.2048, 'grad_norm': 4.060512065887451, 'learning_rate': 5.9017206549072165e-05, 'epoch': 0.6}
{'eval_loss': 0.31105148792266846, 'eval_runtime': 44.0926, 'eval_samples_per_second': 79.015, 'eval_steps_per_second': 19.754, 'epoch': 0.6}
{'loss': 0.1563, 'grad_norm': 2.9941787719726562, 'learning_rate': 5.785661163922558e-05, 'epoch': 0.61}
{'loss': 0.1957, 'grad_norm': 3.369051694869995, 'learning_rate': 5.669165957146465e-05, 'epoch': 0.61}
{'eval_loss': 0.30746644735336304, 'eval_runtime': 44.6369, 'eval_samples_per_second': 78.052, 'eval_steps_per_second': 19.513, 'epoch': 0.61}
{'loss': 0.2042, 'grad_norm': 5.245668411254883, 'learning_rate': 5.552299641057596e-05, 'epoch': 0.62}
{'loss': 0.1727, 'grad_norm': 4.615723133087158, 'learning_rate': 5.435127027946215e-05, 'epoch': 0.63}
{'eval_loss': 0.30467477440834045, 'eval_runtime': 44.5349, 'eval_samples_per_second': 78.231, 'eval_steps_per_second': 19.558, 'epoch': 0.63}
{'loss': 0.223, 'grad_norm': 4.425595283508301, 'learning_rate': 5.317713099970283e-05, 'epoch': 0.64}
{'loss': 0.173, 'grad_norm': 6.046133995056152, 'learning_rate': 5.200122973117329e-05, 'epoch': 0.65}
{'eval_loss': 0.3016815781593323, 'eval_runtime': 44.2618, 'eval_samples_per_second': 78.714, 'eval_steps_per_second': 19.678, 'epoch': 0.65}
{'loss': 0.1689, 'grad_norm': 4.097874641418457, 'learning_rate': 5.082421861092116e-05, 'epoch': 0.66}
{'loss': 0.2321, 'grad_norm': 3.649170398712158, 'learning_rate': 4.964675039150102e-05, 'epoch': 0.66}
{'eval_loss': 0.2954172194004059, 'eval_runtime': 43.8859, 'eval_samples_per_second': 79.388, 'eval_steps_per_second': 19.847, 'epoch': 0.66}
{'loss': 0.2337, 'grad_norm': 3.348222017288208, 'learning_rate': 4.846947807896771e-05, 'epoch': 0.67}
{'loss': 0.1303, 'grad_norm': 2.7956578731536865, 'learning_rate': 4.729305457072913e-05, 'epoch': 0.68}
{'eval_loss': 0.2943482995033264, 'eval_runtime': 45.745, 'eval_samples_per_second': 76.161, 'eval_steps_per_second': 19.04, 'epoch': 0.68}
{'loss': 0.2026, 'grad_norm': 5.767374515533447, 'learning_rate': 4.6118132293459114e-05, 'epoch': 0.69}
{'loss': 0.1553, 'grad_norm': 2.8855996131896973, 'learning_rate': 4.494536284127155e-05, 'epoch': 0.7}
{'eval_loss': 0.30099546909332275, 'eval_runtime': 44.7014, 'eval_samples_per_second': 77.939, 'eval_steps_per_second': 19.485, 'epoch': 0.7}
{'loss': 0.1823, 'grad_norm': 3.197429895401001, 'learning_rate': 4.3775396614356077e-05, 'epoch': 0.7}
{'loss': 0.1528, 'grad_norm': 3.8022122383117676, 'learning_rate': 4.260888245827608e-05, 'epoch': 0.71}
{'eval_loss': 0.3056768774986267, 'eval_runtime': 44.2987, 'eval_samples_per_second': 78.648, 'eval_steps_per_second': 19.662, 'epoch': 0.71}
{'loss': 0.1519, 'grad_norm': 3.8184173107147217, 'learning_rate': 4.1446467304128684e-05, 'epoch': 0.72}
{'loss': 0.1618, 'grad_norm': 2.892831325531006, 'learning_rate': 4.028879580976651e-05, 'epoch': 0.73}
{'eval_loss': 0.2986811399459839, 'eval_runtime': 45.5927, 'eval_samples_per_second': 76.416, 'eval_steps_per_second': 19.104, 'epoch': 0.73}
{'loss': 0.1492, 'grad_norm': 1.7648332118988037, 'learning_rate': 3.913651000228035e-05, 'epoch': 0.74}
{'loss': 0.1392, 'grad_norm': 3.036775588989258, 'learning_rate': 3.799024892194049e-05, 'epoch': 0.74}
{'eval_loss': 0.2981477677822113, 'eval_runtime': 44.855, 'eval_samples_per_second': 77.673, 'eval_steps_per_second': 19.418, 'epoch': 0.74}
{'loss': 0.1819, 'grad_norm': 4.544470310211182, 'learning_rate': 3.685064826779477e-05, 'epoch': 0.75}
{'loss': 0.1817, 'grad_norm': 2.7579591274261475, 'learning_rate': 3.5718340045119415e-05, 'epoch': 0.76}
{'eval_loss': 0.30017706751823425, 'eval_runtime': 44.7367, 'eval_samples_per_second': 77.878, 'eval_steps_per_second': 19.469, 'epoch': 0.76}
{'loss': 0.2091, 'grad_norm': 3.484581708908081, 'learning_rate': 3.459395221491853e-05, 'epoch': 0.77}
{'loss': 0.15, 'grad_norm': 4.003773212432861, 'learning_rate': 3.347810834566645e-05, 'epoch': 0.78}
{'eval_loss': 0.29631391167640686, 'eval_runtime': 45.6346, 'eval_samples_per_second': 76.346, 'eval_steps_per_second': 19.086, 'epoch': 0.78}
{'loss': 0.1697, 'grad_norm': 2.874662160873413, 'learning_rate': 3.2371427267486046e-05, 'epoch': 0.78}
{'loss': 0.1869, 'grad_norm': 3.2273333072662354, 'learning_rate': 3.127452272895492e-05, 'epoch': 0.79}
{'eval_loss': 0.2893875241279602, 'eval_runtime': 45.2314, 'eval_samples_per_second': 77.026, 'eval_steps_per_second': 19.257, 'epoch': 0.79}
{'loss': 0.2087, 'grad_norm': 4.40106725692749, 'learning_rate': 3.018800305672975e-05, 'epoch': 0.8}
{'loss': 0.1093, 'grad_norm': 3.9628841876983643, 'learning_rate': 2.911247081817756e-05, 'epoch': 0.81}
{'eval_loss': 0.2918236553668976, 'eval_runtime': 44.7075, 'eval_samples_per_second': 77.929, 'eval_steps_per_second': 19.482, 'epoch': 0.81}
{'loss': 0.2182, 'grad_norm': 6.1105875968933105, 'learning_rate': 2.804852248720085e-05, 'epoch': 0.82}
{'loss': 0.183, 'grad_norm': 4.137962818145752, 'learning_rate': 2.6996748113442394e-05, 'epoch': 0.83}
{'eval_loss': 0.2897059917449951, 'eval_runtime': 45.2096, 'eval_samples_per_second': 77.063, 'eval_steps_per_second': 19.266, 'epoch': 0.83}
{'loss': 0.1215, 'grad_norm': 4.872676372528076, 'learning_rate': 2.5957730995052476e-05, 'epoch': 0.83}
{'loss': 0.2416, 'grad_norm': 5.0905232429504395, 'learning_rate': 2.493204735520061e-05, 'epoch': 0.84}
{'eval_loss': 0.2817031145095825, 'eval_runtime': 45.5221, 'eval_samples_per_second': 76.534, 'eval_steps_per_second': 19.134, 'epoch': 0.84}
{'loss': 0.151, 'grad_norm': 2.1382436752319336, 'learning_rate': 2.392026602251093e-05, 'epoch': 0.85}
{'loss': 0.1132, 'grad_norm': 2.3953804969787598, 'learning_rate': 2.292294811559837e-05, 'epoch': 0.86}
{'eval_loss': 0.28502294421195984, 'eval_runtime': 44.6293, 'eval_samples_per_second': 78.065, 'eval_steps_per_second': 19.516, 'epoch': 0.86}
{'loss': 0.1853, 'grad_norm': 2.9493510723114014, 'learning_rate': 2.194064673188089e-05, 'epoch': 0.87}
{'loss': 0.1472, 'grad_norm': 5.486725330352783, 'learning_rate': 2.097390664083987e-05, 'epoch': 0.87}
{'eval_loss': 0.28698939085006714, 'eval_runtime': 44.7479, 'eval_samples_per_second': 77.858, 'eval_steps_per_second': 19.465, 'epoch': 0.87}
{'loss': 0.1736, 'grad_norm': 5.611933708190918, 'learning_rate': 2.002326398189931e-05, 'epoch': 0.88}
{'loss': 0.1887, 'grad_norm': 3.8300623893737793, 'learning_rate': 1.9089245967090953e-05, 'epoch': 0.89}
{'eval_loss': 0.28500938415527344, 'eval_runtime': 44.5293, 'eval_samples_per_second': 78.241, 'eval_steps_per_second': 19.56, 'epoch': 0.89}
{'loss': 0.1469, 'grad_norm': 3.2131881713867188, 'learning_rate': 1.817237058867056e-05, 'epoch': 0.9}
{'loss': 0.1875, 'grad_norm': 3.8245511054992676, 'learning_rate': 1.727314633184714e-05, 'epoch': 0.91}
{'eval_loss': 0.28403520584106445, 'eval_runtime': 45.9724, 'eval_samples_per_second': 75.785, 'eval_steps_per_second': 18.946, 'epoch': 0.91}
{'loss': 0.1278, 'grad_norm': 5.695673942565918, 'learning_rate': 1.6392071892784787e-05, 'epoch': 0.91}
{'loss': 0.1231, 'grad_norm': 2.51873517036438, 'learning_rate': 1.5529635902033358e-05, 'epoch': 0.92}
{'eval_loss': 0.2833629548549652, 'eval_runtime': 45.43, 'eval_samples_per_second': 76.689, 'eval_steps_per_second': 19.172, 'epoch': 0.92}
{'loss': 0.1625, 'grad_norm': 8.283538818359375, 'learning_rate': 1.4686316653541377e-05, 'epoch': 0.93}
{'loss': 0.2012, 'grad_norm': 3.3556344509124756, 'learning_rate': 1.3862581839401344e-05, 'epoch': 0.94}
{'eval_loss': 0.2823742926120758, 'eval_runtime': 44.7012, 'eval_samples_per_second': 77.94, 'eval_steps_per_second': 19.485, 'epoch': 0.94}
{'loss': 0.1594, 'grad_norm': 3.367889165878296, 'learning_rate': 1.3058888290474935e-05, 'epoch': 0.95}
{'loss': 0.1295, 'grad_norm': 2.998019218444824, 'learning_rate': 1.2275681723041405e-05, 'epoch': 0.95}
{'eval_loss': 0.27752751111984253, 'eval_runtime': 43.9335, 'eval_samples_per_second': 79.302, 'eval_steps_per_second': 19.825, 'epoch': 0.95}
{'loss': 0.1701, 'grad_norm': 2.5334436893463135, 'learning_rate': 1.1513396491610113e-05, 'epoch': 0.96}
{'loss': 0.149, 'grad_norm': 3.0414161682128906, 'learning_rate': 1.0772455348034099e-05, 'epoch': 0.97}
{'eval_loss': 0.27346518635749817, 'eval_runtime': 44.1393, 'eval_samples_per_second': 78.932, 'eval_steps_per_second': 19.733, 'epoch': 0.97}
{'loss': 0.1312, 'grad_norm': 3.329284429550171, 'learning_rate': 1.0053269207058296e-05, 'epoch': 0.98}
{'loss': 0.117, 'grad_norm': 3.0130274295806885, 'learning_rate': 9.356236918432453e-06, 'epoch': 0.99}
{'eval_loss': 0.2740077078342438, 'eval_runtime': 44.1857, 'eval_samples_per_second': 78.849, 'eval_steps_per_second': 19.712, 'epoch': 0.99}
{'loss': 0.1614, 'grad_norm': 4.567986965179443, 'learning_rate': 8.681745045715046e-06, 'epoch': 1.0}
{'loss': 0.0856, 'grad_norm': 1.6397367715835571, 'learning_rate': 8.03016765189103e-06, 'epoch': 1.0}
{'eval_loss': 0.2722359299659729, 'eval_runtime': 43.932, 'eval_samples_per_second': 79.304, 'eval_steps_per_second': 19.826, 'epoch': 1.0}
{'loss': 0.0944, 'grad_norm': 4.738781929016113, 'learning_rate': 7.401866091922133e-06, 'epoch': 1.01}
{'loss': 0.0885, 'grad_norm': 2.4688973426818848, 'learning_rate': 6.797188812344907e-06, 'epoch': 1.02}
{'eval_loss': 0.2728203237056732, 'eval_runtime': 43.6208, 'eval_samples_per_second': 79.87, 'eval_steps_per_second': 19.968, 'epoch': 1.02}
{'loss': 0.1412, 'grad_norm': 2.8595972061157227, 'learning_rate': 6.2164711580275145e-06, 'epoch': 1.03}
{'loss': 0.105, 'grad_norm': 2.958094358444214, 'learning_rate': 5.66003518619253e-06, 'epoch': 1.04}
{'eval_loss': 0.2756315767765045, 'eval_runtime': 44.4949, 'eval_samples_per_second': 78.301, 'eval_steps_per_second': 19.575, 'epoch': 1.04}
{'loss': 0.0851, 'grad_norm': 1.9735214710235596, 'learning_rate': 5.128189487808927e-06, 'epoch': 1.04}
{'loss': 0.0834, 'grad_norm': 2.119621753692627, 'learning_rate': 4.621229016452156e-06, 'epoch': 1.05}
{'eval_loss': 0.2775100767612457, 'eval_runtime': 43.4498, 'eval_samples_per_second': 80.185, 'eval_steps_per_second': 20.046, 'epoch': 1.05}
{'loss': 0.0572, 'grad_norm': 2.5247130393981934, 'learning_rate': 4.139434924727359e-06, 'epoch': 1.06}
{'loss': 0.0613, 'grad_norm': 2.1090683937072754, 'learning_rate': 3.683074408346404e-06, 'epoch': 1.07}
{'eval_loss': 0.2790302336215973, 'eval_runtime': 44.5629, 'eval_samples_per_second': 78.182, 'eval_steps_per_second': 19.545, 'epoch': 1.07}
{'loss': 0.0834, 'grad_norm': 3.0264101028442383, 'learning_rate': 3.252400557945201e-06, 'epoch': 1.08}
{'loss': 0.1104, 'grad_norm': 4.207936763763428, 'learning_rate': 2.8476522187234178e-06, 'epoch': 1.08}
{'eval_loss': 0.2790624499320984, 'eval_runtime': 43.8431, 'eval_samples_per_second': 79.465, 'eval_steps_per_second': 19.866, 'epoch': 1.08}
{'loss': 0.0925, 'grad_norm': 2.252683639526367, 'learning_rate': 2.4690538579845932e-06, 'epoch': 1.09}
{'loss': 0.1078, 'grad_norm': 2.9200387001037598, 'learning_rate': 2.1168154406499274e-06, 'epoch': 1.1}
{'eval_loss': 0.27869683504104614, 'eval_runtime': 45.5822, 'eval_samples_per_second': 76.433, 'eval_steps_per_second': 19.108, 'epoch': 1.1}
{'loss': 0.1002, 'grad_norm': 3.5592753887176514, 'learning_rate': 1.7911323128149749e-06, 'epoch': 1.11}
{'loss': 0.1134, 'grad_norm': 2.709743022918701, 'learning_rate': 1.4921850934135784e-06, 'epoch': 1.12}
{'eval_loss': 0.2785060703754425, 'eval_runtime': 45.4154, 'eval_samples_per_second': 76.714, 'eval_steps_per_second': 19.179, 'epoch': 1.12}
{'loss': 0.1262, 'grad_norm': 2.8377559185028076, 'learning_rate': 1.2201395740493949e-06, 'epoch': 1.12}
{'loss': 0.1095, 'grad_norm': 2.8174455165863037, 'learning_rate': 9.751466270503718e-07, 'epoch': 1.13}
{'eval_loss': 0.2783131003379822, 'eval_runtime': 43.9014, 'eval_samples_per_second': 79.36, 'eval_steps_per_second': 19.84, 'epoch': 1.13}
{'loss': 0.0857, 'grad_norm': 1.6217625141143799, 'learning_rate': 7.573421217972221e-07, 'epoch': 1.14}
{'loss': 0.1005, 'grad_norm': 2.3204691410064697, 'learning_rate': 5.668468493723489e-07, 'epoch': 1.15}
{'eval_loss': 0.2782078683376312, 'eval_runtime': 45.6523, 'eval_samples_per_second': 76.316, 'eval_steps_per_second': 19.079, 'epoch': 1.15}
{'loss': 0.0915, 'grad_norm': 2.702780246734619, 'learning_rate': 4.0376645557090865e-07, 'epoch': 1.16}
{'loss': 0.1154, 'grad_norm': 4.204406261444092, 'learning_rate': 2.6819138231126693e-07, 'epoch': 1.17}
{'eval_loss': 0.27821263670921326, 'eval_runtime': 45.8695, 'eval_samples_per_second': 75.955, 'eval_steps_per_second': 18.989, 'epoch': 1.17}
{'loss': 0.0836, 'grad_norm': 1.544100046157837, 'learning_rate': 1.601968174772761e-07, 'epoch': 1.17}
{'loss': 0.1131, 'grad_norm': 3.265745162963867, 'learning_rate': 7.98426532202301e-08, 'epoch': 1.18}
{'eval_loss': 0.27824145555496216, 'eval_runtime': 45.8497, 'eval_samples_per_second': 75.987, 'eval_steps_per_second': 18.997, 'epoch': 1.18}
{'loss': 0.1068, 'grad_norm': 1.8005485534667969, 'learning_rate': 2.7173452743550763e-08, 'epoch': 1.19}
{'loss': 0.0716, 'grad_norm': 2.046220302581787, 'learning_rate': 2.2184255887403025e-09, 'epoch': 1.2}
{'eval_loss': 0.2782421112060547, 'eval_runtime': 44.1346, 'eval_samples_per_second': 78.94, 'eval_steps_per_second': 19.735, 'epoch': 1.2}
{'train_runtime': 4273.4977, 'train_samples_per_second': 2.777, 'train_steps_per_second': 0.174, 'train_loss': 0.2795790133048903, 'epoch': 1.2}
=== Done. Model saved to runs/seed42/codet5p_770m ===
==================  GENERATE  codet5p_770m  ==================
=== Loading seq2seq model: runs/seed42/codet5p_770m ===
=== Generating predictions for 2127 entries ===
  [20/2127] generated
  [40/2127] generated
  [60/2127] generated
  [80/2127] generated
  [100/2127] generated
  [120/2127] generated
  [140/2127] generated
  [160/2127] generated
  [180/2127] generated
  [200/2127] generated
  [220/2127] generated
  [240/2127] generated
  [260/2127] generated
  [280/2127] generated
  [300/2127] generated
  [320/2127] generated
  [340/2127] generated
  [360/2127] generated
  [380/2127] generated
  [400/2127] generated
  [420/2127] generated
  [440/2127] generated
  [460/2127] generated
  [480/2127] generated
  [500/2127] generated
  [520/2127] generated
  [540/2127] generated
  [560/2127] generated
  [580/2127] generated
  [600/2127] generated
  [620/2127] generated
  [640/2127] generated
  [660/2127] generated
  [680/2127] generated
  [700/2127] generated
  [720/2127] generated
  [740/2127] generated
  [760/2127] generated
  [780/2127] generated
  [800/2127] generated
  [820/2127] generated
  [840/2127] generated
  [860/2127] generated
  [880/2127] generated
  [900/2127] generated
  [920/2127] generated
  [940/2127] generated
  [960/2127] generated
  [980/2127] generated
  [1000/2127] generated
  [1020/2127] generated
  [1040/2127] generated
  [1060/2127] generated
  [1080/2127] generated
  [1100/2127] generated
  [1120/2127] generated
  [1140/2127] generated
  [1160/2127] generated
  [1180/2127] generated
  [1200/2127] generated
  [1220/2127] generated
  [1240/2127] generated
  [1260/2127] generated
  [1280/2127] generated
  [1300/2127] generated
  [1320/2127] generated
  [1340/2127] generated
  [1360/2127] generated
  [1380/2127] generated
  [1400/2127] generated
  [1420/2127] generated
  [1440/2127] generated
  [1460/2127] generated
  [1480/2127] generated
  [1500/2127] generated
  [1520/2127] generated
  [1540/2127] generated
  [1560/2127] generated
  [1580/2127] generated
  [1600/2127] generated
  [1620/2127] generated
  [1640/2127] generated
  [1660/2127] generated
  [1680/2127] generated
  [1700/2127] generated
  [1720/2127] generated
  [1740/2127] generated
  [1760/2127] generated
  [1780/2127] generated
  [1800/2127] generated
  [1820/2127] generated
  [1840/2127] generated
  [1860/2127] generated
  [1880/2127] generated
  [1900/2127] generated
  [1920/2127] generated
  [1940/2127] generated
  [1960/2127] generated
  [1980/2127] generated
  [2000/2127] generated
  [2020/2127] generated
  [2040/2127] generated
  [2060/2127] generated
  [2080/2127] generated
  [2100/2127] generated
  [2120/2127] generated

=== Done ===
  Total:                              2127
  Over budget (ref > 512 tok): 0
  Saved to: runs/seed42/codet5p_770m/eval_on_common.jsonl
==================  COMPLETION CHECK  ==================
OK  (2127/2127)
==================  ELAPSED  ==================
Training:   71m 24s
Generation: 70m 11s  (2127 entries, 1979 ms/entry)
Done. Score LOCALLY (needs the custom Elixir toolchain) with:
  mix eval_predictions set-theoretic <trainer>/runs/seed42/codet5p_770m/eval_on_common.jsonl
