==================  TRAIN  codet5p_770m  (seed 42)  ==================
skiptrain requested and model exists at runs/seed42/codet5p_770m -- skipping training, re-generating only.
==================  GENERATE  codet5p_770m  ==================
=== Loading seq2seq model: runs/seed42/codet5p_770m ===
=== Generating predictions for 2127 entries ===
  [20/2127] generated
  [40/2127] generated
  [60/2127] generated
  [80/2127] generated
  [100/2127] generated
  [120/2127] generated
  [140/2127] generated
  [160/2127] generated
  [180/2127] generated
  [200/2127] generated
  [220/2127] generated
  [240/2127] generated
  [260/2127] generated
  [280/2127] generated
  [300/2127] generated
  [320/2127] generated
  [340/2127] generated
  [360/2127] generated
  [380/2127] generated
  [400/2127] generated
  [420/2127] generated
  [440/2127] generated
  [460/2127] generated
  [480/2127] generated
  [500/2127] generated
  [520/2127] generated
  [540/2127] generated
  [560/2127] generated
  [580/2127] generated
  [600/2127] generated
  [620/2127] generated
  [640/2127] generated
  [660/2127] generated
  [680/2127] generated
  [700/2127] generated
  [720/2127] generated
  [740/2127] generated
  [760/2127] generated
  [780/2127] generated
  [800/2127] generated
  [820/2127] generated
  [840/2127] generated
  [860/2127] generated
  [880/2127] generated
  [900/2127] generated
  [920/2127] generated
  [940/2127] generated
  [960/2127] generated
  [980/2127] generated
  [1000/2127] generated
  [1020/2127] generated
  [1040/2127] generated
  [1060/2127] generated
  [1080/2127] generated
  [1100/2127] generated
  [1120/2127] generated
  [1140/2127] generated
  [1160/2127] generated
  [1180/2127] generated
  [1200/2127] generated
  [1220/2127] generated
  [1240/2127] generated
  [1260/2127] generated
  [1280/2127] generated
  [1300/2127] generated
  [1320/2127] generated
  [1340/2127] generated
  [1360/2127] generated
  [1380/2127] generated
  [1400/2127] generated
  [1420/2127] generated
  [1440/2127] generated
  [1460/2127] generated
  [1480/2127] generated
  [1500/2127] generated
  [1520/2127] generated
  [1540/2127] generated
  [1560/2127] generated
  [1580/2127] generated
  [1600/2127] generated
  [1620/2127] generated
  [1640/2127] generated
  [1660/2127] generated
  [1680/2127] generated
  [1700/2127] generated
  [1720/2127] generated
  [1740/2127] generated
  [1760/2127] generated
  [1780/2127] generated
  [1800/2127] generated
  [1820/2127] generated
  [1840/2127] generated
  [1860/2127] generated
  [1880/2127] generated
  [1900/2127] generated
  [1920/2127] generated
  [1940/2127] generated
  [1960/2127] generated
  [1980/2127] generated
  [2000/2127] generated
  [2020/2127] generated
  [2040/2127] generated
  [2060/2127] generated
  [2080/2127] generated
  [2100/2127] generated
  [2120/2127] generated

=== Done ===
  Total:                              2127
  Over budget (ref > 512 tok): 0
  Saved to: runs/seed42/codet5p_770m/eval_on_common.jsonl
==================  COMPLETION CHECK  ==================
OK  (2127/2127)
==================  ELAPSED  ==================
Training:   0m 00s
Generation: 75m 22s  (2127 entries, 2125 ms/entry)
Done. Score LOCALLY (needs the custom Elixir toolchain) with:
  mix eval_predictions set-theoretic <trainer>/runs/seed42/codet5p_770m/eval_on_common.jsonl
