==================  TRAIN  codet5p_770m  (seed 42)  ==================
=== Config ===
{
  "model_name_or_path": "Salesforce/codet5p-770m",
  "output_dir": "runs/codet5p_770m",
  "trust_remote_code": false,
  "seq2seq": {
    "max_source_length": 512,
    "max_target_length": 512
  },
  "training": {
    "per_device_train_batch_size": 16,
    "per_device_eval_batch_size": 16,
    "gradient_accumulation_steps": 1,
    "num_train_epochs": 3,
    "learning_rate": 0.0001,
    "lr_scheduler_type": "cosine",
    "warmup_ratio": 0.1,
    "weight_decay": 0.01,
    "bf16": true,
    "optim": "paged_adamw_8bit",
    "seed": 42,
    "eval_steps": 10,
    "save_steps": 10,
    "save_total_limit": 3,
    "logging_steps": 5,
    "report_to": "none",
    "load_best_model_at_end": true,
    "metric_for_best_model": "eval_loss"
  }
}
=== Output: runs/seed42/codet5p_770m ===
decoder_start_token_id=0, pad_token_id=0
Train: 9888, Val: 3484
Sample input ids len: 340, label len: 155
==================  GENERATE  codet5p_770m  ==================
=== Loading seq2seq model: runs/seed42/codet5p_770m ===
==================  COMPLETION CHECK  ==================
GENERATION INCOMPLETE -- output missing.
